[2026-05-31 16:13:12] === INICIANDO EXPERIMENTOS NMF ===
[2026-05-31 16:13:12] trials = 30
[2026-05-31 16:13:12] dims   = [100, 200, 1000]
[2026-05-31 16:13:12] ranks  = [5, 10, 20]
[2026-05-31 16:13:12] types  = [:uniform, :decaying, :equal, :ill_conditioned]
--------------------------------------------------------------------------------
[2026-05-31 16:13:12] 
[2026-05-31 16:13:12] >>> matriz=uniform | dimensão=100 x 100 | rank=5
ALGORITMO | ERRO MÉDIO ± IC95% | TEMPO MÉDIO ± IC95% | ITER EXT | ITER INT | CONV. % | Wmax hit % | Hmax hit % | REINÍCIOS
----------------------------------------------------------------------------------------------------------------------------------
[2026-05-31 16:13:13] lin             | 5.543e-01 ± 1.129e-03 | 0.011s ± 0.005 |     22.9 |    367.8 | 100.0% |       0.0% |       0.0% | 0.0
[2026-05-31 16:13:13] multiplicativo  | 5.548e-01 ± 1.113e-03 | 0.026s ± 0.006 |    274.5 |      0.0 | 100.0% |       0.0% |       0.0% | 0.0
----------------------------------------------------------------------------------------------------------------------------------
[2026-05-31 16:13:13] 
[2026-05-31 16:13:13] >>> matriz=uniform | dimensão=200 x 200 | rank=5
ALGORITMO | ERRO MÉDIO ± IC95% | TEMPO MÉDIO ± IC95% | ITER EXT | ITER INT | CONV. % | Wmax hit % | Hmax hit % | REINÍCIOS
----------------------------------------------------------------------------------------------------------------------------------
[2026-05-31 16:13:16] lin             | 5.795e-01 ± 6.290e-04 | 0.007s ± 0.002 |     11.8 |    208.4 | 100.0% |       0.0% |       0.0% | 0.0
[2026-05-31 16:13:16] multiplicativo  | 5.785e-01 ± 6.203e-04 | 0.088s ± 0.060 |    261.3 |      0.0 | 100.0% |       0.0% |       0.0% | 0.0
----------------------------------------------------------------------------------------------------------------------------------
[2026-05-31 16:13:16] 
[2026-05-31 16:13:16] >>> matriz=uniform | dimensão=1000 x 1000 | rank=5
ALGORITMO | ERRO MÉDIO ± IC95% | TEMPO MÉDIO ± IC95% | ITER EXT | ITER INT | CONV. % | Wmax hit % | Hmax hit % | REINÍCIOS
----------------------------------------------------------------------------------------------------------------------------------
[2026-05-31 16:15:03] lin             | 5.981e-01 ± 1.069e-04 | 0.339s ± 0.121 |      8.6 |    181.7 | 100.0% |       0.0% |       0.0% | 0.0
[2026-05-31 16:15:03] multiplicativo  | 5.982e-01 ± 1.065e-04 | 2.979s ± 0.263 |    239.3 |      0.0 | 100.0% |       0.0% |       0.0% | 0.0
----------------------------------------------------------------------------------------------------------------------------------
[2026-05-31 16:15:03] 
[2026-05-31 16:15:03] >>> matriz=uniform | dimensão=100 x 100 | rank=10
ALGORITMO | ERRO MÉDIO ± IC95% | TEMPO MÉDIO ± IC95% | ITER EXT | ITER INT | CONV. % | Wmax hit % | Hmax hit % | REINÍCIOS
----------------------------------------------------------------------------------------------------------------------------------
[2026-05-31 16:15:04] lin             | 5.173e-01 ± 1.259e-03 | 0.007s ± 0.002 |     11.7 |    211.4 | 100.0% |       0.0% |       0.0% | 0.0
[2026-05-31 16:15:04] multiplicativo  | 5.130e-01 ± 1.091e-03 | 0.027s ± 0.003 |    300.8 |      0.0 | 100.0% |       0.0% |       0.0% | 0.0
----------------------------------------------------------------------------------------------------------------------------------
[2026-05-31 16:15:04] 
[2026-05-31 16:15:04] >>> matriz=uniform | dimensão=200 x 200 | rank=10
ALGORITMO | ERRO MÉDIO ± IC95% | TEMPO MÉDIO ± IC95% | ITER EXT | ITER INT | CONV. % | Wmax hit % | Hmax hit % | REINÍCIOS
----------------------------------------------------------------------------------------------------------------------------------
[2026-05-31 16:15:11] lin             | 5.572e-01 ± 3.892e-04 | 0.025s ± 0.007 |     12.7 |    184.3 | 100.0% |       0.0% |       0.0% | 0.0
[2026-05-31 16:15:11] multiplicativo  | 5.558e-01 ± 4.373e-04 | 0.161s ± 0.045 |    300.2 |      0.0 | 100.0% |       0.0% |       0.0% | 0.0
----------------------------------------------------------------------------------------------------------------------------------
[2026-05-31 16:15:11] 
[2026-05-31 16:15:11] >>> matriz=uniform | dimensão=1000 x 1000 | rank=10
ALGORITMO | ERRO MÉDIO ± IC95% | TEMPO MÉDIO ± IC95% | ITER EXT | ITER INT | CONV. % | Wmax hit % | Hmax hit % | REINÍCIOS
----------------------------------------------------------------------------------------------------------------------------------
[2026-05-31 16:17:56] lin             | 5.954e-01 ± 1.146e-04 | 0.441s ± 0.192 |      4.5 |    145.5 | 100.0% |       0.0% |       0.0% | 0.0
[2026-05-31 16:17:56] multiplicativo  | 5.930e-01 ± 1.185e-04 | 4.644s ± 0.403 |    297.7 |      0.0 | 100.0% |       0.0% |       0.0% | 0.0
----------------------------------------------------------------------------------------------------------------------------------
[2026-05-31 16:17:56] 
[2026-05-31 16:17:56] >>> matriz=uniform | dimensão=100 x 100 | rank=20
ALGORITMO | ERRO MÉDIO ± IC95% | TEMPO MÉDIO ± IC95% | ITER EXT | ITER INT | CONV. % | Wmax hit % | Hmax hit % | REINÍCIOS
----------------------------------------------------------------------------------------------------------------------------------
[2026-05-31 16:17:59] lin             | 4.515e-01 ± 1.040e-03 | 0.018s ± 0.001 |     14.9 |    283.7 | 100.0% |       0.0% |       0.0% | 0.0
[2026-05-31 16:17:59] multiplicativo  | 4.449e-01 ± 1.024e-03 | 0.051s ± 0.003 |    349.9 |      0.0 | 100.0% |       0.0% |       0.0% | 0.0
----------------------------------------------------------------------------------------------------------------------------------
[2026-05-31 16:17:59] 
[2026-05-31 16:17:59] >>> matriz=uniform | dimensão=200 x 200 | rank=20
ALGORITMO | ERRO MÉDIO ± IC95% | TEMPO MÉDIO ± IC95% | ITER EXT | ITER INT | CONV. % | Wmax hit % | Hmax hit % | REINÍCIOS
----------------------------------------------------------------------------------------------------------------------------------
[2026-05-31 16:18:08] lin             | 5.200e-01 ± 5.473e-04 | 0.073s ± 0.048 |     13.2 |    240.9 | 100.0% |       0.0% |       0.0% | 0.0
[2026-05-31 16:18:08] multiplicativo  | 5.177e-01 ± 5.300e-04 | 0.216s ± 0.049 |    340.9 |      0.0 | 100.0% |       0.0% |       0.0% | 0.0
----------------------------------------------------------------------------------------------------------------------------------
[2026-05-31 16:18:08] 
[2026-05-31 16:18:08] >>> matriz=uniform | dimensão=1000 x 1000 | rank=20
ALGORITMO | ERRO MÉDIO ± IC95% | TEMPO MÉDIO ± IC95% | ITER EXT | ITER INT | CONV. % | Wmax hit % | Hmax hit % | REINÍCIOS
----------------------------------------------------------------------------------------------------------------------------------
[2026-05-31 16:21:44] lin             | 5.875e-01 ± 1.575e-04 | 0.592s ± 0.179 |      5.8 |    187.3 | 100.0% |       0.0% |       0.0% | 0.0
[2026-05-31 16:21:44] multiplicativo  | 5.840e-01 ± 9.426e-05 | 6.270s ± 0.373 |    346.3 |      0.0 | 100.0% |       0.0% |       0.0% | 0.0
----------------------------------------------------------------------------------------------------------------------------------
[2026-05-31 16:21:44] 
[2026-05-31 16:21:44] >>> matriz=decaying | dimensão=100 x 100 | rank=5
ALGORITMO | ERRO MÉDIO ± IC95% | TEMPO MÉDIO ± IC95% | ITER EXT | ITER INT | CONV. % | Wmax hit % | Hmax hit % | REINÍCIOS
----------------------------------------------------------------------------------------------------------------------------------
[2026-05-31 16:21:46] lin             | 5.548e-01 ± 1.145e-03 | 0.014s ± 0.002 |     30.6 |    455.3 | 100.0% |       0.0% |       0.0% | 0.0
[2026-05-31 16:21:46] multiplicativo  | 5.552e-01 ± 1.120e-03 | 0.044s ± 0.006 |    258.2 |      0.0 | 100.0% |       0.0% |       0.0% | 0.0
----------------------------------------------------------------------------------------------------------------------------------
[2026-05-31 16:21:46] 
[2026-05-31 16:21:46] >>> matriz=decaying | dimensão=200 x 200 | rank=5
ALGORITMO | ERRO MÉDIO ± IC95% | TEMPO MÉDIO ± IC95% | ITER EXT | ITER INT | CONV. % | Wmax hit % | Hmax hit % | REINÍCIOS
----------------------------------------------------------------------------------------------------------------------------------
[2026-05-31 16:21:49] lin             | 5.793e-01 ± 5.088e-04 | 0.010s ± 0.003 |     12.7 |    258.2 | 100.0% |       0.0% |       0.0% | 0.0
[2026-05-31 16:21:49] multiplicativo  | 5.786e-01 ± 4.999e-04 | 0.065s ± 0.005 |    259.2 |      0.0 | 100.0% |       0.0% |       0.0% | 0.0
----------------------------------------------------------------------------------------------------------------------------------
[2026-05-31 16:21:49] 
[2026-05-31 16:21:49] >>> matriz=decaying | dimensão=1000 x 1000 | rank=5
ALGORITMO | ERRO MÉDIO ± IC95% | TEMPO MÉDIO ± IC95% | ITER EXT | ITER INT | CONV. % | Wmax hit % | Hmax hit % | REINÍCIOS
----------------------------------------------------------------------------------------------------------------------------------
[2026-05-31 16:23:48] lin             | 5.982e-01 ± 1.004e-04 | 0.645s ± 0.144 |      8.2 |    209.9 | 100.0% |       0.0% |       0.0% | 0.0
[2026-05-31 16:23:48] multiplicativo  | 5.983e-01 ± 9.799e-05 | 2.986s ± 0.287 |    239.9 |      0.0 | 100.0% |       0.0% |       0.0% | 0.0
----------------------------------------------------------------------------------------------------------------------------------
[2026-05-31 16:23:48] 
[2026-05-31 16:23:48] >>> matriz=decaying | dimensão=100 x 100 | rank=10
ALGORITMO | ERRO MÉDIO ± IC95% | TEMPO MÉDIO ± IC95% | ITER EXT | ITER INT | CONV. % | Wmax hit % | Hmax hit % | REINÍCIOS
----------------------------------------------------------------------------------------------------------------------------------
[2026-05-31 16:23:50] lin             | 5.165e-01 ± 1.000e-03 | 0.012s ± 0.003 |     12.3 |    207.6 | 100.0% |       0.0% |       0.0% | 0.0
[2026-05-31 16:23:50] multiplicativo  | 5.129e-01 ± 1.067e-03 | 0.056s ± 0.008 |    303.8 |      0.0 | 100.0% |       0.0% |       0.0% | 0.0
----------------------------------------------------------------------------------------------------------------------------------
[2026-05-31 16:23:50] 
[2026-05-31 16:23:50] >>> matriz=decaying | dimensão=200 x 200 | rank=10
ALGORITMO | ERRO MÉDIO ± IC95% | TEMPO MÉDIO ± IC95% | ITER EXT | ITER INT | CONV. % | Wmax hit % | Hmax hit % | REINÍCIOS
----------------------------------------------------------------------------------------------------------------------------------
[2026-05-31 16:23:56] lin             | 5.571e-01 ± 4.708e-04 | 0.024s ± 0.006 |     14.1 |    184.4 | 100.0% |       0.0% |       0.0% | 0.0
[2026-05-31 16:23:56] multiplicativo  | 5.559e-01 ± 4.630e-04 | 0.167s ± 0.052 |    308.0 |      0.0 | 100.0% |       0.0% |       0.0% | 0.0
----------------------------------------------------------------------------------------------------------------------------------
[2026-05-31 16:23:56] 
[2026-05-31 16:23:56] >>> matriz=decaying | dimensão=1000 x 1000 | rank=10
ALGORITMO | ERRO MÉDIO ± IC95% | TEMPO MÉDIO ± IC95% | ITER EXT | ITER INT | CONV. % | Wmax hit % | Hmax hit % | REINÍCIOS
----------------------------------------------------------------------------------------------------------------------------------
[2026-05-31 16:26:42] lin             | 5.952e-01 ± 1.048e-04 | 0.335s ± 0.138 |      4.7 |    146.4 | 100.0% |       0.0% |       0.0% | 0.0
[2026-05-31 16:26:42] multiplicativo  | 5.931e-01 ± 1.008e-04 | 4.673s ± 0.480 |    300.4 |      0.0 | 100.0% |       0.0% |       0.0% | 0.0
----------------------------------------------------------------------------------------------------------------------------------
[2026-05-31 16:26:42] 
[2026-05-31 16:26:42] >>> matriz=decaying | dimensão=100 x 100 | rank=20
ALGORITMO | ERRO MÉDIO ± IC95% | TEMPO MÉDIO ± IC95% | ITER EXT | ITER INT | CONV. % | Wmax hit % | Hmax hit % | REINÍCIOS
----------------------------------------------------------------------------------------------------------------------------------
[2026-05-31 16:26:45] lin             | 4.512e-01 ± 1.047e-03 | 0.032s ± 0.009 |     15.7 |    290.6 | 100.0% |       0.0% |       0.0% | 0.0
[2026-05-31 16:26:45] multiplicativo  | 4.457e-01 ± 9.579e-04 | 0.076s ± 0.017 |    347.2 |      0.0 | 100.0% |       0.0% |       0.0% | 0.0
----------------------------------------------------------------------------------------------------------------------------------
[2026-05-31 16:26:45] 
[2026-05-31 16:26:45] >>> matriz=decaying | dimensão=200 x 200 | rank=20
ALGORITMO | ERRO MÉDIO ± IC95% | TEMPO MÉDIO ± IC95% | ITER EXT | ITER INT | CONV. % | Wmax hit % | Hmax hit % | REINÍCIOS
----------------------------------------------------------------------------------------------------------------------------------
[2026-05-31 16:26:54] lin             | 5.203e-01 ± 4.911e-04 | 0.056s ± 0.011 |     14.2 |    242.5 | 100.0% |       0.0% |       0.0% | 0.0
[2026-05-31 16:26:54] multiplicativo  | 5.183e-01 ± 4.845e-04 | 0.213s ± 0.049 |    334.5 |      0.0 | 100.0% |       0.0% |       0.0% | 0.0
----------------------------------------------------------------------------------------------------------------------------------
[2026-05-31 16:26:54] 
[2026-05-31 16:26:54] >>> matriz=decaying | dimensão=1000 x 1000 | rank=20
ALGORITMO | ERRO MÉDIO ± IC95% | TEMPO MÉDIO ± IC95% | ITER EXT | ITER INT | CONV. % | Wmax hit % | Hmax hit % | REINÍCIOS
----------------------------------------------------------------------------------------------------------------------------------
[2026-05-31 16:30:08] lin             | 5.875e-01 ± 1.064e-04 | 0.462s ± 0.124 |      5.3 |    179.2 | 100.0% |       0.0% |       0.0% | 0.0
[2026-05-31 16:30:08] multiplicativo  | 5.840e-01 ± 9.415e-05 | 5.687s ± 0.458 |    347.2 |      0.0 | 100.0% |       0.0% |       0.0% | 0.0
----------------------------------------------------------------------------------------------------------------------------------
[2026-05-31 16:30:08] 
[2026-05-31 16:30:08] >>> matriz=equal | dimensão=100 x 100 | rank=5
ALGORITMO | ERRO MÉDIO ± IC95% | TEMPO MÉDIO ± IC95% | ITER EXT | ITER INT | CONV. % | Wmax hit % | Hmax hit % | REINÍCIOS
----------------------------------------------------------------------------------------------------------------------------------
[2026-05-31 16:30:09] lin             | 5.578e-01 ± 1.250e-03 | 0.007s ± 0.003 |     25.6 |    392.1 | 100.0% |       0.0% |       0.0% | 0.0
[2026-05-31 16:30:09] multiplicativo  | 5.579e-01 ± 1.233e-03 | 0.021s ± 0.003 |    265.8 |      0.0 | 100.0% |       0.0% |       0.0% | 0.0
----------------------------------------------------------------------------------------------------------------------------------
[2026-05-31 16:30:09] 
[2026-05-31 16:30:09] >>> matriz=equal | dimensão=200 x 200 | rank=5
ALGORITMO | ERRO MÉDIO ± IC95% | TEMPO MÉDIO ± IC95% | ITER EXT | ITER INT | CONV. % | Wmax hit % | Hmax hit % | REINÍCIOS
----------------------------------------------------------------------------------------------------------------------------------
[2026-05-31 16:30:11] lin             | 5.803e-01 ± 4.658e-04 | 0.009s ± 0.003 |     13.1 |    268.8 | 100.0% |       0.0% |       0.0% | 0.0
[2026-05-31 16:30:11] multiplicativo  | 5.795e-01 ± 4.662e-04 | 0.061s ± 0.003 |    267.3 |      0.0 | 100.0% |       0.0% |       0.0% | 0.0
----------------------------------------------------------------------------------------------------------------------------------
[2026-05-31 16:30:11] 
[2026-05-31 16:30:11] >>> matriz=equal | dimensão=1000 x 1000 | rank=5
ALGORITMO | ERRO MÉDIO ± IC95% | TEMPO MÉDIO ± IC95% | ITER EXT | ITER INT | CONV. % | Wmax hit % | Hmax hit % | REINÍCIOS
----------------------------------------------------------------------------------------------------------------------------------
[2026-05-31 16:32:12] lin             | 5.988e-01 ± 8.913e-05 | 0.366s ± 0.124 |      7.7 |    175.9 | 100.0% |       0.0% |       0.0% | 0.0
[2026-05-31 16:32:12] multiplicativo  | 5.985e-01 ± 9.327e-05 | 3.308s ± 0.253 |    241.5 |      0.0 | 100.0% |       0.0% |       0.0% | 0.0
----------------------------------------------------------------------------------------------------------------------------------
[2026-05-31 16:32:12] 
[2026-05-31 16:32:12] >>> matriz=equal | dimensão=100 x 100 | rank=10
ALGORITMO | ERRO MÉDIO ± IC95% | TEMPO MÉDIO ± IC95% | ITER EXT | ITER INT | CONV. % | Wmax hit % | Hmax hit % | REINÍCIOS
----------------------------------------------------------------------------------------------------------------------------------
[2026-05-31 16:32:14] lin             | 5.172e-01 ± 1.170e-03 | 0.018s ± 0.004 |     15.9 |    354.9 | 100.0% |       0.0% |       0.0% | 0.0
[2026-05-31 16:32:14] multiplicativo  | 5.152e-01 ± 1.157e-03 | 0.040s ± 0.007 |    297.4 |      0.0 | 100.0% |       0.0% |       0.0% | 0.0
----------------------------------------------------------------------------------------------------------------------------------
[2026-05-31 16:32:14] 
[2026-05-31 16:32:14] >>> matriz=equal | dimensão=200 x 200 | rank=10
ALGORITMO | ERRO MÉDIO ± IC95% | TEMPO MÉDIO ± IC95% | ITER EXT | ITER INT | CONV. % | Wmax hit % | Hmax hit % | REINÍCIOS
----------------------------------------------------------------------------------------------------------------------------------
[2026-05-31 16:32:19] lin             | 5.580e-01 ± 5.415e-04 | 0.028s ± 0.005 |     16.9 |    333.5 | 100.0% |       0.0% |       0.0% | 0.0
[2026-05-31 16:32:19] multiplicativo  | 5.570e-01 ± 5.183e-04 | 0.148s ± 0.084 |    302.1 |      0.0 | 100.0% |       0.0% |       0.0% | 0.0
----------------------------------------------------------------------------------------------------------------------------------
[2026-05-31 16:32:19] 
[2026-05-31 16:32:19] >>> matriz=equal | dimensão=1000 x 1000 | rank=10
ALGORITMO | ERRO MÉDIO ± IC95% | TEMPO MÉDIO ± IC95% | ITER EXT | ITER INT | CONV. % | Wmax hit % | Hmax hit % | REINÍCIOS
----------------------------------------------------------------------------------------------------------------------------------
[2026-05-31 16:35:25] lin             | 5.952e-01 ± 1.157e-04 | 0.508s ± 0.186 |      6.1 |    230.2 | 100.0% |       0.0% |       0.0% | 0.0
[2026-05-31 16:35:25] multiplicativo  | 5.933e-01 ± 8.089e-05 | 5.222s ± 0.499 |    299.8 |      0.0 | 100.0% |       0.0% |       0.0% | 0.0
----------------------------------------------------------------------------------------------------------------------------------
[2026-05-31 16:35:25] 
[2026-05-31 16:35:25] >>> matriz=equal | dimensão=100 x 100 | rank=20
ALGORITMO | ERRO MÉDIO ± IC95% | TEMPO MÉDIO ± IC95% | ITER EXT | ITER INT | CONV. % | Wmax hit % | Hmax hit % | REINÍCIOS
----------------------------------------------------------------------------------------------------------------------------------
[2026-05-31 16:35:27] lin             | 4.474e-01 ± 9.304e-04 | 0.022s ± 0.002 |     34.0 |    454.9 | 100.0% |       0.0% |       0.0% | 0.0
[2026-05-31 16:35:27] multiplicativo  | 4.483e-01 ± 9.635e-04 | 0.041s ± 0.003 |    345.0 |      0.0 | 100.0% |       0.0% |       0.0% | 0.0
----------------------------------------------------------------------------------------------------------------------------------
[2026-05-31 16:35:27] 
[2026-05-31 16:35:27] >>> matriz=equal | dimensão=200 x 200 | rank=20
ALGORITMO | ERRO MÉDIO ± IC95% | TEMPO MÉDIO ± IC95% | ITER EXT | ITER INT | CONV. % | Wmax hit % | Hmax hit % | REINÍCIOS
----------------------------------------------------------------------------------------------------------------------------------
[2026-05-31 16:35:36] lin             | 5.176e-01 ± 5.715e-04 | 0.080s ± 0.050 |     26.8 |    265.8 | 100.0% |       0.0% |       0.0% | 0.0
[2026-05-31 16:35:36] multiplicativo  | 5.189e-01 ± 6.303e-04 | 0.215s ± 0.047 |    349.8 |      0.0 | 100.0% |       0.0% |       0.0% | 0.0
----------------------------------------------------------------------------------------------------------------------------------
[2026-05-31 16:35:36] 
[2026-05-31 16:35:36] >>> matriz=equal | dimensão=1000 x 1000 | rank=20
ALGORITMO | ERRO MÉDIO ± IC95% | TEMPO MÉDIO ± IC95% | ITER EXT | ITER INT | CONV. % | Wmax hit % | Hmax hit % | REINÍCIOS
----------------------------------------------------------------------------------------------------------------------------------
[2026-05-31 16:39:49] lin             | 5.853e-01 ± 1.020e-04 | 0.743s ± 0.211 |     10.1 |    187.5 | 100.0% |       0.0% |       0.0% | 0.0
[2026-05-31 16:39:49] multiplicativo  | 5.842e-01 ± 1.025e-04 | 7.127s ± 0.489 |    348.1 |      0.0 | 100.0% |       0.0% |       0.0% | 0.0
----------------------------------------------------------------------------------------------------------------------------------
[2026-05-31 16:39:49] 
[2026-05-31 16:39:49] >>> matriz=ill_conditioned | dimensão=100 x 100 | rank=5
ALGORITMO | ERRO MÉDIO ± IC95% | TEMPO MÉDIO ± IC95% | ITER EXT | ITER INT | CONV. % | Wmax hit % | Hmax hit % | REINÍCIOS
----------------------------------------------------------------------------------------------------------------------------------
[2026-05-31 16:39:52] lin             | 4.361e-01 ± 1.729e-03 | 0.048s ± 0.077 |     18.7 |    259.4 | 100.0% |       0.0% |       0.0% | 0.0
[2026-05-31 16:39:52] multiplicativo  | 4.349e-01 ± 1.445e-03 | 0.048s ± 0.013 |    198.3 |      0.0 | 100.0% |       0.0% |       0.0% | 0.0
----------------------------------------------------------------------------------------------------------------------------------
[2026-05-31 16:39:52] 
[2026-05-31 16:39:52] >>> matriz=ill_conditioned | dimensão=200 x 200 | rank=5
ALGORITMO | ERRO MÉDIO ± IC95% | TEMPO MÉDIO ± IC95% | ITER EXT | ITER INT | CONV. % | Wmax hit % | Hmax hit % | REINÍCIOS
----------------------------------------------------------------------------------------------------------------------------------
[2026-05-31 16:39:56] lin             | 5.309e-01 ± 9.260e-04 | 0.012s ± 0.002 |      6.5 |    129.3 | 100.0% |       0.0% |       0.0% | 0.0
[2026-05-31 16:39:56] multiplicativo  | 5.251e-01 ± 6.858e-04 | 0.113s ± 0.016 |    241.3 |      0.0 | 100.0% |       0.0% |       0.0% | 0.0
----------------------------------------------------------------------------------------------------------------------------------
[2026-05-31 16:39:56] 
[2026-05-31 16:39:56] >>> matriz=ill_conditioned | dimensão=1000 x 1000 | rank=5
ALGORITMO | ERRO MÉDIO ± IC95% | TEMPO MÉDIO ± IC95% | ITER EXT | ITER INT | CONV. % | Wmax hit % | Hmax hit % | REINÍCIOS
----------------------------------------------------------------------------------------------------------------------------------
[2026-05-31 16:42:37] lin             | 5.925e-01 ± 1.270e-04 | 0.383s ± 0.174 |      5.3 |    104.0 | 100.0% |       0.0% |       0.0% | 0.0
[2026-05-31 16:42:37] multiplicativo  | 5.918e-01 ± 1.102e-04 | 4.354s ± 0.446 |    260.5 |      0.0 | 100.0% |       0.0% |       0.0% | 0.0
----------------------------------------------------------------------------------------------------------------------------------
[2026-05-31 16:42:37] 
[2026-05-31 16:42:37] >>> matriz=ill_conditioned | dimensão=100 x 100 | rank=10
ALGORITMO | ERRO MÉDIO ± IC95% | TEMPO MÉDIO ± IC95% | ITER EXT | ITER INT | CONV. % | Wmax hit % | Hmax hit % | REINÍCIOS
----------------------------------------------------------------------------------------------------------------------------------
[2026-05-31 16:42:40] lin             | 3.744e-01 ± 2.545e-03 | 0.011s ± 0.002 |      6.1 |    155.5 | 100.0% |       0.0% |       0.0% | 0.0
[2026-05-31 16:42:40] multiplicativo  | 3.562e-01 ± 1.569e-03 | 0.093s ± 0.076 |    241.6 |      0.0 | 100.0% |       0.0% |       0.0% | 0.0
----------------------------------------------------------------------------------------------------------------------------------
[2026-05-31 16:42:40] 
[2026-05-31 16:42:40] >>> matriz=ill_conditioned | dimensão=200 x 200 | rank=10
ALGORITMO | ERRO MÉDIO ± IC95% | TEMPO MÉDIO ± IC95% | ITER EXT | ITER INT | CONV. % | Wmax hit % | Hmax hit % | REINÍCIOS
----------------------------------------------------------------------------------------------------------------------------------
[2026-05-31 16:42:46] lin             | 4.895e-01 ± 9.801e-04 | 0.021s ± 0.002 |      6.2 |    144.2 | 100.0% |       0.0% |       0.0% | 0.0
[2026-05-31 16:42:46] multiplicativo  | 4.801e-01 ± 6.815e-04 | 0.164s ± 0.015 |    271.3 |      0.0 | 100.0% |       0.0% |       0.0% | 0.0
----------------------------------------------------------------------------------------------------------------------------------
[2026-05-31 16:42:46] 
[2026-05-31 16:42:46] >>> matriz=ill_conditioned | dimensão=1000 x 1000 | rank=10
ALGORITMO | ERRO MÉDIO ± IC95% | TEMPO MÉDIO ± IC95% | ITER EXT | ITER INT | CONV. % | Wmax hit % | Hmax hit % | REINÍCIOS
----------------------------------------------------------------------------------------------------------------------------------
[2026-05-31 16:46:05] lin             | 5.973e-01 ± 9.054e-05 | 0.381s ± 0.184 |      2.0 |     22.0 | 100.0% |       0.0% |       0.0% | 0.0
[2026-05-31 16:46:05] multiplicativo  | 5.846e-01 ± 9.518e-05 | 5.659s ± 0.388 |    309.3 |      0.0 | 100.0% |       0.0% |       0.0% | 0.0
----------------------------------------------------------------------------------------------------------------------------------
[2026-05-31 16:46:05] 
[2026-05-31 16:46:05] >>> matriz=ill_conditioned | dimensão=100 x 100 | rank=20
ALGORITMO | ERRO MÉDIO ± IC95% | TEMPO MÉDIO ± IC95% | ITER EXT | ITER INT | CONV. % | Wmax hit % | Hmax hit % | REINÍCIOS
----------------------------------------------------------------------------------------------------------------------------------
[2026-05-31 16:46:09] lin             | 3.044e-01 ± 2.193e-03 | 0.023s ± 0.003 |      5.3 |    166.0 | 100.0% |       0.0% |       0.0% | 0.0
[2026-05-31 16:46:09] multiplicativo  | 2.718e-01 ± 1.222e-03 | 0.082s ± 0.007 |    283.0 |      0.0 | 100.0% |       0.0% |       0.0% | 0.0
----------------------------------------------------------------------------------------------------------------------------------
[2026-05-31 16:46:09] 
[2026-05-31 16:46:09] >>> matriz=ill_conditioned | dimensão=200 x 200 | rank=20
ALGORITMO | ERRO MÉDIO ± IC95% | TEMPO MÉDIO ± IC95% | ITER EXT | ITER INT | CONV. % | Wmax hit % | Hmax hit % | REINÍCIOS
----------------------------------------------------------------------------------------------------------------------------------
[2026-05-31 16:46:25] lin             | 5.923e-01 ± 1.116e-03 | 0.009s ± 0.002 |      2.0 |     11.8 | 100.0% |       0.0% |       0.0% | 0.0
[2026-05-31 16:46:25] multiplicativo  | 4.179e-01 ± 6.474e-04 | 0.524s ± 0.087 |    319.6 |      0.0 | 100.0% |       0.0% |       0.0% | 0.0
----------------------------------------------------------------------------------------------------------------------------------
[2026-05-31 16:46:25] 
[2026-05-31 16:46:25] >>> matriz=ill_conditioned | dimensão=1000 x 1000 | rank=20
ALGORITMO | ERRO MÉDIO ± IC95% | TEMPO MÉDIO ± IC95% | ITER EXT | ITER INT | CONV. % | Wmax hit % | Hmax hit % | REINÍCIOS
----------------------------------------------------------------------------------------------------------------------------------
[2026-05-31 16:49:30] lin             | 6.110e-01 ± 2.701e-04 | 0.129s ± 0.084 |      2.0 |     10.0 | 100.0% |       0.0% |       0.0% | 0.0
[2026-05-31 16:49:30] multiplicativo  | 5.723e-01 ± 1.124e-04 | 5.668s ± 0.389 |    345.2 |      0.0 | 100.0% |       0.0% |       0.0% | 0.0
----------------------------------------------------------------------------------------------------------------------------------
[2026-05-31 16:49:30] === FINALIZADO ===
