[2026-05-26 18:55:25] === EXPERIMENTO: RECUPERAÇÃO DE X SINTÉTICO (sem ruído) ===
[2026-05-26 18:55:25] trials     = 30
[2026-05-26 18:55:25] dims (m×n) = [(50, 100), (100, 200), (200, 500)]
[2026-05-26 18:55:25] ranks      = [3, 5, 10]
[2026-05-26 18:55:25] sparsities = [0.0, 0.5]
================================================================================
[2026-05-26 18:55:25] 
[2026-05-26 18:55:25] >>> dim=50×100 | rank=3 | esparsidade=0.0
ALGORITMO      | ERRO MÉDIO ± IC95%   | TEMPO (s) ± IC95% | ITER MÉDIA | CONV%
--------------------------------------------------------------------------------
[2026-05-26 18:55:28] lin            | 2.315e-02 ± 1.63e-03 | 0.001s ± 0.001 |      179.5 | 100.0%
[2026-05-26 18:55:28] multiplicativo | 1.878e-03 ± 5.64e-04 | 0.083s ± 0.005 |     2000.0 |   0.0%

Teste t pareado (erro de reconstrução):
  lin vs multiplicativo: p-valor = 0.0000
--------------------------------------------------------------------------------
[2026-05-26 18:55:28] 
[2026-05-26 18:55:28] >>> dim=50×100 | rank=5 | esparsidade=0.0
ALGORITMO      | ERRO MÉDIO ± IC95%   | TEMPO (s) ± IC95% | ITER MÉDIA | CONV%
--------------------------------------------------------------------------------
[2026-05-26 18:55:30] lin            | 2.391e-02 ± 1.11e-03 | 0.002s ± 0.001 |      198.7 | 100.0%
[2026-05-26 18:55:30] multiplicativo | 5.756e-03 ± 1.00e-03 | 0.083s ± 0.004 |     2000.0 |   0.0%

Teste t pareado (erro de reconstrução):
  lin vs multiplicativo: p-valor = 0.0000
--------------------------------------------------------------------------------
[2026-05-26 18:55:30] 
[2026-05-26 18:55:30] >>> dim=50×100 | rank=10 | esparsidade=0.0
ALGORITMO      | ERRO MÉDIO ± IC95%   | TEMPO (s) ± IC95% | ITER MÉDIA | CONV%
--------------------------------------------------------------------------------
[2026-05-26 18:55:33] lin            | 2.994e-02 ± 8.88e-04 | 0.007s ± 0.004 |      209.3 | 100.0%
[2026-05-26 18:55:33] multiplicativo | 4.436e-03 ± 3.55e-04 | 0.095s ± 0.004 |     2000.0 |   0.0%

Teste t pareado (erro de reconstrução):
  lin vs multiplicativo: p-valor = 0.0000
--------------------------------------------------------------------------------
[2026-05-26 18:55:33] 
[2026-05-26 18:55:33] >>> dim=100×200 | rank=3 | esparsidade=0.0
ALGORITMO      | ERRO MÉDIO ± IC95%   | TEMPO (s) ± IC95% | ITER MÉDIA | CONV%
--------------------------------------------------------------------------------
[2026-05-26 18:55:41] lin            | 2.816e-02 ± 4.95e-03 | 0.003s ± 0.001 |      190.5 | 100.0%
[2026-05-26 18:55:41] multiplicativo | 2.290e-03 ± 6.71e-04 | 0.238s ± 0.026 |     2000.0 |   0.0%

Teste t pareado (erro de reconstrução):
  lin vs multiplicativo: p-valor = 0.0000
--------------------------------------------------------------------------------
[2026-05-26 18:55:41] 
[2026-05-26 18:55:41] >>> dim=100×200 | rank=5 | esparsidade=0.0
ALGORITMO      | ERRO MÉDIO ± IC95%   | TEMPO (s) ± IC95% | ITER MÉDIA | CONV%
--------------------------------------------------------------------------------
[2026-05-26 18:55:48] lin            | 2.864e-02 ± 7.48e-04 | 0.006s ± 0.002 |      211.7 | 100.0%
[2026-05-26 18:55:48] multiplicativo | 6.980e-03 ± 1.12e-03 | 0.239s ± 0.025 |     2000.0 |   0.0%

Teste t pareado (erro de reconstrução):
  lin vs multiplicativo: p-valor = 0.0000
--------------------------------------------------------------------------------
[2026-05-26 18:55:48] 
[2026-05-26 18:55:48] >>> dim=100×200 | rank=10 | esparsidade=0.0
ALGORITMO      | ERRO MÉDIO ± IC95%   | TEMPO (s) ± IC95% | ITER MÉDIA | CONV%
--------------------------------------------------------------------------------
[2026-05-26 18:55:57] lin            | 4.378e-02 ± 1.57e-03 | 0.014s ± 0.002 |      263.8 | 100.0%
[2026-05-26 18:55:57] multiplicativo | 7.397e-03 ± 3.32e-04 | 0.275s ± 0.022 |     2000.0 |   0.0%

Teste t pareado (erro de reconstrução):
  lin vs multiplicativo: p-valor = 0.0000
--------------------------------------------------------------------------------
[2026-05-26 18:55:57] 
[2026-05-26 18:55:57] >>> dim=200×500 | rank=3 | esparsidade=0.0
ALGORITMO      | ERRO MÉDIO ± IC95%   | TEMPO (s) ± IC95% | ITER MÉDIA | CONV%
--------------------------------------------------------------------------------
[2026-05-26 18:56:58] lin            | 1.542e-02 ± 1.27e-03 | 0.023s ± 0.010 |      190.3 | 100.0%
[2026-05-26 18:56:58] multiplicativo | 3.010e-03 ± 1.10e-03 | 2.027s ± 0.507 |     2000.0 |   0.0%

Teste t pareado (erro de reconstrução):
  lin vs multiplicativo: p-valor = 0.0000
--------------------------------------------------------------------------------
[2026-05-26 18:56:58] 
[2026-05-26 18:56:58] >>> dim=200×500 | rank=5 | esparsidade=0.0
ALGORITMO      | ERRO MÉDIO ± IC95%   | TEMPO (s) ± IC95% | ITER MÉDIA | CONV%
--------------------------------------------------------------------------------
[2026-05-26 18:57:47] lin            | 3.617e-02 ± 1.11e-02 | 0.030s ± 0.010 |      220.7 | 100.0%
[2026-05-26 18:57:47] multiplicativo | 6.958e-03 ± 8.83e-04 | 1.600s ± 0.398 |     2000.0 |   0.0%

Teste t pareado (erro de reconstrução):
  lin vs multiplicativo: p-valor = 0.0000
--------------------------------------------------------------------------------
[2026-05-26 18:57:47] 
[2026-05-26 18:57:47] >>> dim=200×500 | rank=10 | esparsidade=0.0
ALGORITMO      | ERRO MÉDIO ± IC95%   | TEMPO (s) ± IC95% | ITER MÉDIA | CONV%
--------------------------------------------------------------------------------
[2026-05-26 18:58:40] lin            | 2.829e-02 ± 1.88e-03 | 0.048s ± 0.005 |      245.6 | 100.0%
[2026-05-26 18:58:40] multiplicativo | 9.882e-03 ± 3.34e-04 | 1.698s ± 0.098 |     2000.0 |   0.0%

Teste t pareado (erro de reconstrução):
  lin vs multiplicativo: p-valor = 0.0000
--------------------------------------------------------------------------------
[2026-05-26 18:58:40] 
[2026-05-26 18:58:40] >>> dim=50×100 | rank=3 | esparsidade=0.5
ALGORITMO      | ERRO MÉDIO ± IC95%   | TEMPO (s) ± IC95% | ITER MÉDIA | CONV%
--------------------------------------------------------------------------------
[2026-05-26 18:58:41] lin            | 1.453e-02 ± 3.37e-03 | 0.003s ± 0.001 |      258.3 | 100.0%
[2026-05-26 18:58:41] multiplicativo | 6.501e-04 ± 9.37e-05 | 0.043s ± 0.008 |     1032.4 | 100.0%

Teste t pareado (erro de reconstrução):
  lin vs multiplicativo: p-valor = 0.0000
--------------------------------------------------------------------------------
[2026-05-26 18:58:41] 
[2026-05-26 18:58:41] >>> dim=50×100 | rank=5 | esparsidade=0.5
ALGORITMO      | ERRO MÉDIO ± IC95%   | TEMPO (s) ± IC95% | ITER MÉDIA | CONV%
--------------------------------------------------------------------------------
[2026-05-26 18:58:44] lin            | 2.057e-02 ± 2.21e-03 | 0.005s ± 0.002 |      334.5 | 100.0%
[2026-05-26 18:58:44] multiplicativo | 8.147e-04 ± 1.50e-04 | 0.080s ± 0.025 |     1568.9 |  90.0%

Teste t pareado (erro de reconstrução):
  lin vs multiplicativo: p-valor = 0.0000
--------------------------------------------------------------------------------
[2026-05-26 18:58:44] 
[2026-05-26 18:58:44] >>> dim=50×100 | rank=10 | esparsidade=0.5
ALGORITMO      | ERRO MÉDIO ± IC95%   | TEMPO (s) ± IC95% | ITER MÉDIA | CONV%
--------------------------------------------------------------------------------
[2026-05-26 18:58:47] lin            | 3.724e-02 ± 7.17e-03 | 0.014s ± 0.003 |      528.1 | 100.0%
[2026-05-26 18:58:47] multiplicativo | 2.374e-03 ± 4.50e-04 | 0.105s ± 0.004 |     2000.0 |   0.0%

Teste t pareado (erro de reconstrução):
  lin vs multiplicativo: p-valor = 0.0000
--------------------------------------------------------------------------------
[2026-05-26 18:58:47] 
[2026-05-26 18:58:47] >>> dim=100×200 | rank=3 | esparsidade=0.5
ALGORITMO      | ERRO MÉDIO ± IC95%   | TEMPO (s) ± IC95% | ITER MÉDIA | CONV%
--------------------------------------------------------------------------------
[2026-05-26 18:58:51] lin            | 7.072e-03 ± 9.21e-04 | 0.004s ± 0.001 |      209.3 | 100.0%
[2026-05-26 18:58:51] multiplicativo | 6.212e-04 ± 1.36e-05 | 0.130s ± 0.007 |      909.6 | 100.0%

Teste t pareado (erro de reconstrução):
  lin vs multiplicativo: p-valor = 0.0000
--------------------------------------------------------------------------------
[2026-05-26 18:58:51] 
[2026-05-26 18:58:51] >>> dim=100×200 | rank=5 | esparsidade=0.5
ALGORITMO      | ERRO MÉDIO ± IC95%   | TEMPO (s) ± IC95% | ITER MÉDIA | CONV%
--------------------------------------------------------------------------------
[2026-05-26 18:58:58] lin            | 8.948e-03 ± 1.07e-03 | 0.009s ± 0.002 |      324.4 | 100.0%
[2026-05-26 18:58:58] multiplicativo | 7.172e-04 ± 4.68e-05 | 0.203s ± 0.034 |     1416.3 |  96.7%

Teste t pareado (erro de reconstrução):
  lin vs multiplicativo: p-valor = 0.0000
--------------------------------------------------------------------------------
[2026-05-26 18:58:58] 
[2026-05-26 18:58:58] >>> dim=100×200 | rank=10 | esparsidade=0.5
ALGORITMO      | ERRO MÉDIO ± IC95%   | TEMPO (s) ± IC95% | ITER MÉDIA | CONV%
--------------------------------------------------------------------------------
[2026-05-26 18:59:11] lin            | 1.360e-02 ± 4.76e-03 | 0.032s ± 0.006 |      482.5 | 100.0%
[2026-05-26 18:59:11] multiplicativo | 1.378e-03 ± 2.25e-04 | 0.405s ± 0.094 |     2000.0 |   0.0%

Teste t pareado (erro de reconstrução):
  lin vs multiplicativo: p-valor = 0.0000
--------------------------------------------------------------------------------
[2026-05-26 18:59:11] 
[2026-05-26 18:59:11] >>> dim=200×500 | rank=3 | esparsidade=0.5
ALGORITMO      | ERRO MÉDIO ± IC95%   | TEMPO (s) ± IC95% | ITER MÉDIA | CONV%
--------------------------------------------------------------------------------
[2026-05-26 18:59:57] lin            | 4.298e-03 ± 1.94e-04 | 0.044s ± 0.010 |      233.7 | 100.0%
[2026-05-26 18:59:57] multiplicativo | 6.287e-04 ± 2.26e-05 | 1.503s ± 0.307 |      876.4 | 100.0%

Teste t pareado (erro de reconstrução):
  lin vs multiplicativo: p-valor = 0.0000
--------------------------------------------------------------------------------
[2026-05-26 18:59:57] 
[2026-05-26 18:59:57] >>> dim=200×500 | rank=5 | esparsidade=0.5
ALGORITMO      | ERRO MÉDIO ± IC95%   | TEMPO (s) ± IC95% | ITER MÉDIA | CONV%
--------------------------------------------------------------------------------
[2026-05-26 19:00:25] lin            | 5.179e-03 ± 4.88e-04 | 0.033s ± 0.005 |      326.9 | 100.0%
[2026-05-26 19:00:25] multiplicativo | 7.048e-04 ± 2.16e-05 | 0.869s ± 0.178 |     1238.4 | 100.0%

Teste t pareado (erro de reconstrução):
  lin vs multiplicativo: p-valor = 0.0000
--------------------------------------------------------------------------------
[2026-05-26 19:00:25] 
[2026-05-26 19:00:25] >>> dim=200×500 | rank=10 | esparsidade=0.5
