[2026-05-30 17:19:09] === EXPERIMENTO: RECUPERAÇÃO DE X SINTÉTICO ===
[2026-05-30 17:19:09] trials     = 30
[2026-05-30 17:19:09] dims (m×n) = [(10, 10), (10, 200), (50, 100), (100, 200), (200, 500)]
[2026-05-30 17:19:09] ranks      = [3, 5, 10]
================================================================================
[2026-05-30 17:19:09] 
[2026-05-30 17:19:09] >>> dim=10×10 | rank=3
ALGORITMO      | ERRO MÉDIO ± IC95%   | TEMPO (s) ± IC95% | ITER EXT | ITER INT | REINÍCIOS
--------------------------------------------------------------------------------------------------------------
[2026-05-30 17:19:10] lin            | 2.320e-02 ± 4.03e-03 | 0.001s ± 0.003 |     15.8 |    202.3 |       0.0
[2026-05-30 17:19:10] multiplicativo | 8.898e-04 ± 9.22e-04 | 0.005s ± 0.001 |   1641.1 |      0.0 |       0.0

Teste t pareado (erro de reconstrução):
  lin vs multiplicativo: p-valor = 0.0000
--------------------------------------------------------------------------------------------------------------
[2026-05-30 17:19:10] 
[2026-05-30 17:19:10] >>> dim=10×10 | rank=5
ALGORITMO      | ERRO MÉDIO ± IC95%   | TEMPO (s) ± IC95% | ITER EXT | ITER INT | REINÍCIOS
--------------------------------------------------------------------------------------------------------------
[2026-05-30 17:19:10] lin            | 2.674e-02 ± 5.00e-03 | 0.000s ± 0.001 |      8.0 |    182.5 |       0.0
[2026-05-30 17:19:10] multiplicativo | 2.416e-03 ± 1.24e-03 | 0.007s ± 0.001 |   1960.8 |      0.0 |       0.0

Teste t pareado (erro de reconstrução):
  lin vs multiplicativo: p-valor = 0.0000
--------------------------------------------------------------------------------------------------------------
[2026-05-30 17:19:10] 
[2026-05-30 17:19:10] >>> dim=10×10 | rank=10
ALGORITMO      | ERRO MÉDIO ± IC95%   | TEMPO (s) ± IC95% | ITER EXT | ITER INT | REINÍCIOS
--------------------------------------------------------------------------------------------------------------
[2026-05-30 17:19:10] lin            | 3.041e-02 ± 1.63e-03 | 0.000s ± 0.000 |      3.1 |    112.6 |       0.0
[2026-05-30 17:19:10] multiplicativo | 9.613e-04 ± 2.15e-04 | 0.011s ± 0.002 |   2000.0 |      0.0 |       0.0

Teste t pareado (erro de reconstrução):
  lin vs multiplicativo: p-valor = 0.0000
--------------------------------------------------------------------------------------------------------------
[2026-05-30 17:19:10] 
[2026-05-30 17:19:10] >>> dim=10×200 | rank=3
ALGORITMO      | ERRO MÉDIO ± IC95%   | TEMPO (s) ± IC95% | ITER EXT | ITER INT | REINÍCIOS
--------------------------------------------------------------------------------------------------------------
[2026-05-30 17:19:14] lin            | 2.754e-02 ± 4.49e-03 | 0.005s ± 0.002 |      5.5 |    193.1 |       0.0
[2026-05-30 17:19:14] multiplicativo | 1.949e-03 ± 6.34e-04 | 0.126s ± 0.043 |   2000.0 |      0.0 |       0.0

Teste t pareado (erro de reconstrução):
  lin vs multiplicativo: p-valor = 0.0000
--------------------------------------------------------------------------------------------------------------
[2026-05-30 17:19:14] 
[2026-05-30 17:19:14] >>> dim=10×200 | rank=5
ALGORITMO      | ERRO MÉDIO ± IC95%   | TEMPO (s) ± IC95% | ITER EXT | ITER INT | REINÍCIOS
--------------------------------------------------------------------------------------------------------------
[2026-05-30 17:19:16] lin            | 2.883e-02 ± 2.00e-03 | 0.007s ± 0.003 |      5.9 |    216.2 |       0.0
[2026-05-30 17:19:16] multiplicativo | 3.830e-03 ± 4.36e-04 | 0.051s ± 0.010 |   2000.0 |      0.0 |       0.0

Teste t pareado (erro de reconstrução):
  lin vs multiplicativo: p-valor = 0.0000
--------------------------------------------------------------------------------------------------------------
[2026-05-30 17:19:16] 
[2026-05-30 17:19:16] >>> dim=10×200 | rank=10
ALGORITMO      | ERRO MÉDIO ± IC95%   | TEMPO (s) ± IC95% | ITER EXT | ITER INT | REINÍCIOS
--------------------------------------------------------------------------------------------------------------
[2026-05-30 17:19:18] lin            | 3.969e-02 ± 2.94e-03 | 0.008s ± 0.002 |      5.3 |    209.1 |       0.0
[2026-05-30 17:19:18] multiplicativo | 6.448e-03 ± 6.70e-04 | 0.063s ± 0.002 |   2000.0 |      0.0 |       0.0

Teste t pareado (erro de reconstrução):
  lin vs multiplicativo: p-valor = 0.0000
--------------------------------------------------------------------------------------------------------------
[2026-05-30 17:19:18] 
[2026-05-30 17:19:18] >>> dim=50×100 | rank=3
ALGORITMO      | ERRO MÉDIO ± IC95%   | TEMPO (s) ± IC95% | ITER EXT | ITER INT | REINÍCIOS
--------------------------------------------------------------------------------------------------------------
[2026-05-30 17:19:20] lin            | 2.517e-02 ± 1.63e-03 | 0.003s ± 0.002 |      6.2 |    174.2 |       0.0
[2026-05-30 17:19:20] multiplicativo | 2.747e-03 ± 9.05e-04 | 0.064s ± 0.003 |   2000.0 |      0.0 |       0.0

Teste t pareado (erro de reconstrução):
  lin vs multiplicativo: p-valor = 0.0000
--------------------------------------------------------------------------------------------------------------
[2026-05-30 17:19:20] 
[2026-05-30 17:19:20] >>> dim=50×100 | rank=5
ALGORITMO      | ERRO MÉDIO ± IC95%   | TEMPO (s) ± IC95% | ITER EXT | ITER INT | REINÍCIOS
--------------------------------------------------------------------------------------------------------------
[2026-05-30 17:19:22] lin            | 2.590e-02 ± 2.94e-03 | 0.003s ± 0.001 |      7.3 |    198.9 |       0.0
[2026-05-30 17:19:22] multiplicativo | 5.970e-03 ± 8.30e-04 | 0.069s ± 0.002 |   2000.0 |      0.0 |       0.0

Teste t pareado (erro de reconstrução):
  lin vs multiplicativo: p-valor = 0.0000
--------------------------------------------------------------------------------------------------------------
[2026-05-30 17:19:22] 
[2026-05-30 17:19:22] >>> dim=50×100 | rank=10
ALGORITMO      | ERRO MÉDIO ± IC95%   | TEMPO (s) ± IC95% | ITER EXT | ITER INT | REINÍCIOS
--------------------------------------------------------------------------------------------------------------
[2026-05-30 17:19:29] lin            | 3.040e-02 ± 9.53e-04 | 0.010s ± 0.002 |      4.7 |    217.5 |       0.0
[2026-05-30 17:19:29] multiplicativo | 4.612e-03 ± 4.13e-04 | 0.211s ± 0.037 |   2000.0 |      0.0 |       0.0

Teste t pareado (erro de reconstrução):
  lin vs multiplicativo: p-valor = 0.0000
--------------------------------------------------------------------------------------------------------------
[2026-05-30 17:19:29] 
[2026-05-30 17:19:29] >>> dim=100×200 | rank=3
ALGORITMO      | ERRO MÉDIO ± IC95%   | TEMPO (s) ± IC95% | ITER EXT | ITER INT | REINÍCIOS
--------------------------------------------------------------------------------------------------------------
[2026-05-30 17:19:40] lin            | 2.635e-02 ± 1.89e-03 | 0.008s ± 0.003 |      6.4 |    197.2 |       0.0
[2026-05-30 17:19:40] multiplicativo | 1.886e-03 ± 6.34e-04 | 0.371s ± 0.058 |   1978.6 |      0.0 |       0.0

Teste t pareado (erro de reconstrução):
  lin vs multiplicativo: p-valor = 0.0000
--------------------------------------------------------------------------------------------------------------
[2026-05-30 17:19:40] 
[2026-05-30 17:19:40] >>> dim=100×200 | rank=5
ALGORITMO      | ERRO MÉDIO ± IC95%   | TEMPO (s) ± IC95% | ITER EXT | ITER INT | REINÍCIOS
--------------------------------------------------------------------------------------------------------------
[2026-05-30 17:19:51] lin            | 2.858e-02 ± 8.44e-04 | 0.019s ± 0.023 |      6.7 |    213.0 |       0.0
[2026-05-30 17:19:51] multiplicativo | 6.518e-03 ± 9.69e-04 | 0.329s ± 0.071 |   2000.0 |      0.0 |       0.0

Teste t pareado (erro de reconstrução):
  lin vs multiplicativo: p-valor = 0.0000
--------------------------------------------------------------------------------------------------------------
[2026-05-30 17:19:51] 
[2026-05-30 17:19:51] >>> dim=100×200 | rank=10
ALGORITMO      | ERRO MÉDIO ± IC95%   | TEMPO (s) ± IC95% | ITER EXT | ITER INT | REINÍCIOS
--------------------------------------------------------------------------------------------------------------
[2026-05-30 17:20:13] lin            | 4.381e-02 ± 3.73e-03 | 0.029s ± 0.004 |      6.4 |    264.8 |       0.0
[2026-05-30 17:20:13] multiplicativo | 7.431e-03 ± 4.46e-04 | 0.730s ± 0.065 |   2000.0 |      0.0 |       0.0

Teste t pareado (erro de reconstrução):
  lin vs multiplicativo: p-valor = 0.0000
--------------------------------------------------------------------------------------------------------------
[2026-05-30 17:20:13] 
[2026-05-30 17:20:13] >>> dim=200×500 | rank=3
ALGORITMO      | ERRO MÉDIO ± IC95%   | TEMPO (s) ± IC95% | ITER EXT | ITER INT | REINÍCIOS
--------------------------------------------------------------------------------------------------------------
[2026-05-30 17:21:06] lin            | 1.707e-02 ± 1.72e-03 | 0.018s ± 0.004 |      9.7 |    201.2 |       0.0
[2026-05-30 17:21:06] multiplicativo | 2.742e-03 ± 9.52e-04 | 1.718s ± 0.292 |   2000.0 |      0.0 |       0.0

Teste t pareado (erro de reconstrução):
  lin vs multiplicativo: p-valor = 0.0000
--------------------------------------------------------------------------------------------------------------
[2026-05-30 17:21:06] 
[2026-05-30 17:21:06] >>> dim=200×500 | rank=5
ALGORITMO      | ERRO MÉDIO ± IC95%   | TEMPO (s) ± IC95% | ITER EXT | ITER INT | REINÍCIOS
--------------------------------------------------------------------------------------------------------------
[2026-05-30 17:22:04] lin            | 4.352e-02 ± 1.25e-02 | 0.025s ± 0.007 |      5.9 |    209.1 |       0.0
[2026-05-30 17:22:04] multiplicativo | 7.674e-03 ± 1.44e-03 | 1.912s ± 0.313 |   2000.0 |      0.0 |       0.0

Teste t pareado (erro de reconstrução):
  lin vs multiplicativo: p-valor = 0.0000
--------------------------------------------------------------------------------------------------------------
[2026-05-30 17:22:04] 
[2026-05-30 17:22:04] >>> dim=200×500 | rank=10
ALGORITMO      | ERRO MÉDIO ± IC95%   | TEMPO (s) ± IC95% | ITER EXT | ITER INT | REINÍCIOS
--------------------------------------------------------------------------------------------------------------
[2026-05-30 17:23:24] lin            | 2.676e-02 ± 1.32e-03 | 0.076s ± 0.028 |      7.9 |    248.7 |       0.0
[2026-05-30 17:23:24] multiplicativo | 1.010e-02 ± 2.84e-04 | 2.598s ± 0.411 |   2000.0 |      0.0 |       0.0

Teste t pareado (erro de reconstrução):
  lin vs multiplicativo: p-valor = 0.0000
--------------------------------------------------------------------------------------------------------------
[2026-05-30 17:23:24] === FINALIZADO ===
