[2026-05-26 19:35:57] === EXPERIMENTO: RECUPERAÇÃO DE X SINTÉTICO ===
[2026-05-26 19:35:57] trials     = 30
[2026-05-26 19:35:57] dims (m×n) = [(10, 10), (10, 200), (50, 100), (100, 200), (200, 500)]
[2026-05-26 19:35:57] ranks      = [3, 5, 10]
================================================================================
[2026-05-26 19:35:57] 
[2026-05-26 19:35:57] >>> dim=10×10 | rank=3
ALGORITMO      | ERRO MÉDIO ± IC95%   | TEMPO (s) ± IC95% | ITER MÉDIA | CONV%
--------------------------------------------------------------------------------
[2026-05-26 19:35:58] lin            | 2.320e-02 ± 4.03e-03 | 0.001s ± 0.002 |      202.3 | 100.0%
[2026-05-26 19:35:58] multiplicativo | 8.898e-04 ± 9.22e-04 | 0.005s ± 0.002 |     1641.1 |  46.7%

Teste t pareado (erro de reconstrução):
  lin vs multiplicativo: p-valor = 0.0000
--------------------------------------------------------------------------------
[2026-05-26 19:35:58] 
[2026-05-26 19:35:58] >>> dim=10×10 | rank=5
ALGORITMO      | ERRO MÉDIO ± IC95%   | TEMPO (s) ± IC95% | ITER MÉDIA | CONV%
--------------------------------------------------------------------------------
[2026-05-26 19:35:58] lin            | 2.674e-02 ± 5.00e-03 | 0.001s ± 0.001 |      182.5 | 100.0%
[2026-05-26 19:35:58] multiplicativo | 2.416e-03 ± 1.24e-03 | 0.008s ± 0.002 |     1960.8 |   6.7%

Teste t pareado (erro de reconstrução):
  lin vs multiplicativo: p-valor = 0.0000
--------------------------------------------------------------------------------
[2026-05-26 19:35:58] 
[2026-05-26 19:35:58] >>> dim=10×10 | rank=10
ALGORITMO      | ERRO MÉDIO ± IC95%   | TEMPO (s) ± IC95% | ITER MÉDIA | CONV%
--------------------------------------------------------------------------------
[2026-05-26 19:35:58] lin            | 3.041e-02 ± 1.63e-03 | 0.000s ± 0.000 |      112.6 | 100.0%
[2026-05-26 19:35:58] multiplicativo | 9.613e-04 ± 2.15e-04 | 0.013s ± 0.004 |     2000.0 |   0.0%

Teste t pareado (erro de reconstrução):
  lin vs multiplicativo: p-valor = 0.0000
--------------------------------------------------------------------------------
[2026-05-26 19:35:58] 
[2026-05-26 19:35:58] >>> dim=10×200 | rank=3
ALGORITMO      | ERRO MÉDIO ± IC95%   | TEMPO (s) ± IC95% | ITER MÉDIA | CONV%
--------------------------------------------------------------------------------
[2026-05-26 19:36:00] lin            | 2.754e-02 ± 4.49e-03 | 0.004s ± 0.002 |      193.1 | 100.0%
[2026-05-26 19:36:00] multiplicativo | 1.949e-03 ± 6.34e-04 | 0.044s ± 0.002 |     2000.0 |   0.0%

Teste t pareado (erro de reconstrução):
  lin vs multiplicativo: p-valor = 0.0000
--------------------------------------------------------------------------------
[2026-05-26 19:36:00] 
[2026-05-26 19:36:00] >>> dim=10×200 | rank=5
ALGORITMO      | ERRO MÉDIO ± IC95%   | TEMPO (s) ± IC95% | ITER MÉDIA | CONV%
--------------------------------------------------------------------------------
[2026-05-26 19:36:05] lin            | 2.883e-02 ± 2.00e-03 | 0.019s ± 0.006 |      216.2 | 100.0%
[2026-05-26 19:36:05] multiplicativo | 3.830e-03 ± 4.36e-04 | 0.166s ± 0.018 |     2000.0 |   0.0%

Teste t pareado (erro de reconstrução):
  lin vs multiplicativo: p-valor = 0.0000
--------------------------------------------------------------------------------
[2026-05-26 19:36:05] 
[2026-05-26 19:36:05] >>> dim=10×200 | rank=10
ALGORITMO      | ERRO MÉDIO ± IC95%   | TEMPO (s) ± IC95% | ITER MÉDIA | CONV%
--------------------------------------------------------------------------------
[2026-05-26 19:36:14] lin            | 3.969e-02 ± 2.94e-03 | 0.031s ± 0.004 |      209.1 | 100.0%
[2026-05-26 19:36:14] multiplicativo | 6.448e-03 ± 6.70e-04 | 0.246s ± 0.009 |     2000.0 |   0.0%

Teste t pareado (erro de reconstrução):
  lin vs multiplicativo: p-valor = 0.0000
--------------------------------------------------------------------------------
[2026-05-26 19:36:14] 
[2026-05-26 19:36:14] >>> dim=50×100 | rank=3
ALGORITMO      | ERRO MÉDIO ± IC95%   | TEMPO (s) ± IC95% | ITER MÉDIA | CONV%
--------------------------------------------------------------------------------
[2026-05-26 19:36:20] lin            | 2.517e-02 ± 1.63e-03 | 0.009s ± 0.005 |      174.2 | 100.0%
[2026-05-26 19:36:20] multiplicativo | 2.747e-03 ± 9.05e-04 | 0.217s ± 0.025 |     2000.0 |   0.0%

Teste t pareado (erro de reconstrução):
  lin vs multiplicativo: p-valor = 0.0000
--------------------------------------------------------------------------------
[2026-05-26 19:36:20] 
[2026-05-26 19:36:20] >>> dim=50×100 | rank=5
ALGORITMO      | ERRO MÉDIO ± IC95%   | TEMPO (s) ± IC95% | ITER MÉDIA | CONV%
--------------------------------------------------------------------------------
[2026-05-26 19:36:23] lin            | 2.590e-02 ± 2.94e-03 | 0.003s ± 0.001 |      198.9 | 100.0%
[2026-05-26 19:36:23] multiplicativo | 5.970e-03 ± 8.30e-04 | 0.096s ± 0.035 |     2000.0 |   0.0%

Teste t pareado (erro de reconstrução):
  lin vs multiplicativo: p-valor = 0.0000
--------------------------------------------------------------------------------
[2026-05-26 19:36:23] 
[2026-05-26 19:36:23] >>> dim=50×100 | rank=10
ALGORITMO      | ERRO MÉDIO ± IC95%   | TEMPO (s) ± IC95% | ITER MÉDIA | CONV%
--------------------------------------------------------------------------------
[2026-05-26 19:36:30] lin            | 3.040e-02 ± 9.53e-04 | 0.012s ± 0.004 |      217.5 | 100.0%
[2026-05-26 19:36:30] multiplicativo | 4.612e-03 ± 4.13e-04 | 0.218s ± 0.046 |     2000.0 |   0.0%

Teste t pareado (erro de reconstrução):
  lin vs multiplicativo: p-valor = 0.0000
--------------------------------------------------------------------------------
[2026-05-26 19:36:30] 
[2026-05-26 19:36:30] >>> dim=100×200 | rank=3
ALGORITMO      | ERRO MÉDIO ± IC95%   | TEMPO (s) ± IC95% | ITER MÉDIA | CONV%
--------------------------------------------------------------------------------
[2026-05-26 19:36:55] lin            | 2.635e-02 ± 1.89e-03 | 0.020s ± 0.007 |      197.2 | 100.0%
[2026-05-26 19:36:55] multiplicativo | 1.886e-03 ± 6.34e-04 | 0.799s ± 0.079 |     1978.6 |   3.3%

Teste t pareado (erro de reconstrução):
  lin vs multiplicativo: p-valor = 0.0000
--------------------------------------------------------------------------------
[2026-05-26 19:36:55] 
[2026-05-26 19:36:55] >>> dim=100×200 | rank=5
ALGORITMO      | ERRO MÉDIO ± IC95%   | TEMPO (s) ± IC95% | ITER MÉDIA | CONV%
--------------------------------------------------------------------------------
[2026-05-26 19:37:23] lin            | 2.858e-02 ± 8.44e-04 | 0.028s ± 0.006 |      213.0 | 100.0%
[2026-05-26 19:37:23] multiplicativo | 6.518e-03 ± 9.69e-04 | 0.894s ± 0.111 |     2000.0 |   0.0%

Teste t pareado (erro de reconstrução):
  lin vs multiplicativo: p-valor = 0.0000
--------------------------------------------------------------------------------
[2026-05-26 19:37:23] 
[2026-05-26 19:37:23] >>> dim=100×200 | rank=10
ALGORITMO      | ERRO MÉDIO ± IC95%   | TEMPO (s) ± IC95% | ITER MÉDIA | CONV%
--------------------------------------------------------------------------------
[2026-05-26 19:37:39] lin            | 4.381e-02 ± 3.73e-03 | 0.027s ± 0.008 |      264.8 | 100.0%
[2026-05-26 19:37:39] multiplicativo | 7.431e-03 ± 4.46e-04 | 0.532s ± 0.129 |     2000.0 |   0.0%

Teste t pareado (erro de reconstrução):
  lin vs multiplicativo: p-valor = 0.0000
--------------------------------------------------------------------------------
[2026-05-26 19:37:39] 
[2026-05-26 19:37:39] >>> dim=200×500 | rank=3
ALGORITMO      | ERRO MÉDIO ± IC95%   | TEMPO (s) ± IC95% | ITER MÉDIA | CONV%
--------------------------------------------------------------------------------
[2026-05-26 19:38:22] lin            | 1.707e-02 ± 1.72e-03 | 0.012s ± 0.003 |      201.2 | 100.0%
[2026-05-26 19:38:22] multiplicativo | 2.742e-03 ± 9.52e-04 | 1.388s ± 0.108 |     2000.0 |   0.0%

Teste t pareado (erro de reconstrução):
  lin vs multiplicativo: p-valor = 0.0000
--------------------------------------------------------------------------------
[2026-05-26 19:38:22] 
[2026-05-26 19:38:22] >>> dim=200×500 | rank=5
ALGORITMO      | ERRO MÉDIO ± IC95%   | TEMPO (s) ± IC95% | ITER MÉDIA | CONV%
--------------------------------------------------------------------------------
[2026-05-26 19:39:05] lin            | 4.352e-02 ± 1.25e-02 | 0.054s ± 0.041 |      209.1 | 100.0%
[2026-05-26 19:39:05] multiplicativo | 7.674e-03 ± 1.44e-03 | 1.382s ± 0.106 |     2000.0 |   0.0%

Teste t pareado (erro de reconstrução):
  lin vs multiplicativo: p-valor = 0.0000
--------------------------------------------------------------------------------
[2026-05-26 19:39:05] 
[2026-05-26 19:39:05] >>> dim=200×500 | rank=10
ALGORITMO      | ERRO MÉDIO ± IC95%   | TEMPO (s) ± IC95% | ITER MÉDIA | CONV%
--------------------------------------------------------------------------------
[2026-05-26 19:40:12] lin            | 2.676e-02 ± 1.32e-03 | 0.051s ± 0.005 |      248.7 | 100.0%
[2026-05-26 19:40:12] multiplicativo | 1.010e-02 ± 2.84e-04 | 2.190s ± 0.082 |     2000.0 |   0.0%

Teste t pareado (erro de reconstrução):
  lin vs multiplicativo: p-valor = 0.0000
--------------------------------------------------------------------------------
[2026-05-26 19:40:12] === FINALIZADO ===
