[2026-05-31 08:34:55] === EXPERIMENTO: RECUPERAÇÃO DE X SINTÉTICO ===
[2026-05-31 08:34:55] trials     = 30
[2026-05-31 08:34:55] dims (m×n) = [(10, 10), (10, 200), (50, 100), (100, 200), (200, 500)]
[2026-05-31 08:34:55] ranks      = [3, 5, 10]
================================================================================
[2026-05-31 08:34:55] 
[2026-05-31 08:34:55] >>> dim=10×10 | rank=3
ALGORITMO      | ERRO MÉDIO ± IC95%   | TEMPO (s) ± IC95% | ITER EXT | ITER INT | REINÍCIOS
--------------------------------------------------------------------------------------------------------------
[2026-05-31 08:34:56] lin            | 8.365e-04 ± 3.00e-04 | 0.012s ± 0.005 |     63.7 |   3788.1 |       0.0
[2026-05-31 08:34:56] multiplicativo | 8.898e-04 ± 9.22e-04 | 0.006s ± 0.002 |   1641.1 |      0.0 |       0.0

Teste t pareado (erro de reconstrução):
  lin vs multiplicativo: p-valor = 0.9029
--------------------------------------------------------------------------------------------------------------
[2026-05-31 08:34:56] 
[2026-05-31 08:34:56] >>> dim=10×10 | rank=5
ALGORITMO      | ERRO MÉDIO ± IC95%   | TEMPO (s) ± IC95% | ITER EXT | ITER INT | REINÍCIOS
--------------------------------------------------------------------------------------------------------------
[2026-05-31 08:34:56] lin            | 1.282e-03 ± 8.85e-04 | 0.013s ± 0.004 |     34.3 |   3978.4 |       0.0
[2026-05-31 08:34:56] multiplicativo | 2.416e-03 ± 1.24e-03 | 0.008s ± 0.002 |   1960.8 |      0.0 |       0.0

Teste t pareado (erro de reconstrução):
  lin vs multiplicativo: p-valor = 0.1057
--------------------------------------------------------------------------------------------------------------
[2026-05-31 08:34:56] 
[2026-05-31 08:34:56] >>> dim=10×10 | rank=10
ALGORITMO      | ERRO MÉDIO ± IC95%   | TEMPO (s) ± IC95% | ITER EXT | ITER INT | REINÍCIOS
--------------------------------------------------------------------------------------------------------------
[2026-05-31 08:34:57] lin            | 1.295e-03 ± 1.43e-04 | 0.018s ± 0.004 |     17.7 |   2812.0 |       0.0
[2026-05-31 08:34:57] multiplicativo | 9.613e-04 ± 2.15e-04 | 0.018s ± 0.003 |   2000.0 |      0.0 |       0.0

Teste t pareado (erro de reconstrução):
  lin vs multiplicativo: p-valor = 0.0068
--------------------------------------------------------------------------------------------------------------
[2026-05-31 08:34:57] 
[2026-05-31 08:34:57] >>> dim=10×200 | rank=3
ALGORITMO      | ERRO MÉDIO ± IC95%   | TEMPO (s) ± IC95% | ITER EXT | ITER INT | REINÍCIOS
--------------------------------------------------------------------------------------------------------------
[2026-05-31 08:35:00] lin            | 1.081e-03 ± 1.32e-04 | 0.040s ± 0.004 |     87.0 |   3742.4 |       0.0
[2026-05-31 08:35:00] multiplicativo | 1.949e-03 ± 6.34e-04 | 0.043s ± 0.002 |   2000.0 |      0.0 |       0.0

Teste t pareado (erro de reconstrução):
  lin vs multiplicativo: p-valor = 0.0087
--------------------------------------------------------------------------------------------------------------
[2026-05-31 08:35:00] 
[2026-05-31 08:35:00] >>> dim=10×200 | rank=5
ALGORITMO      | ERRO MÉDIO ± IC95%   | TEMPO (s) ± IC95% | ITER EXT | ITER INT | REINÍCIOS
--------------------------------------------------------------------------------------------------------------
[2026-05-31 08:35:05] lin            | 1.304e-03 ± 1.46e-04 | 0.113s ± 0.015 |    169.6 |   7374.3 |       0.0
[2026-05-31 08:35:05] multiplicativo | 3.830e-03 ± 4.36e-04 | 0.051s ± 0.001 |   2000.0 |      0.0 |       0.0

Teste t pareado (erro de reconstrução):
  lin vs multiplicativo: p-valor = 0.0000
--------------------------------------------------------------------------------------------------------------
[2026-05-31 08:35:05] 
[2026-05-31 08:35:05] >>> dim=10×200 | rank=10
ALGORITMO      | ERRO MÉDIO ± IC95%   | TEMPO (s) ± IC95% | ITER EXT | ITER INT | REINÍCIOS
--------------------------------------------------------------------------------------------------------------
[2026-05-31 08:35:19] lin            | 3.023e-03 ± 2.62e-04 | 0.387s ± 0.067 |     68.2 |   8572.2 |       0.0
[2026-05-31 08:35:19] multiplicativo | 6.448e-03 ± 6.70e-04 | 0.079s ± 0.004 |   2000.0 |      0.0 |       0.0

Teste t pareado (erro de reconstrução):
  lin vs multiplicativo: p-valor = 0.0000
--------------------------------------------------------------------------------------------------------------
[2026-05-31 08:35:19] 
[2026-05-31 08:35:19] >>> dim=50×100 | rank=3
ALGORITMO      | ERRO MÉDIO ± IC95%   | TEMPO (s) ± IC95% | ITER EXT | ITER INT | REINÍCIOS
--------------------------------------------------------------------------------------------------------------
[2026-05-31 08:35:23] lin            | 1.406e-03 ± 1.32e-03 | 0.048s ± 0.007 |    147.8 |   4353.5 |       0.0
[2026-05-31 08:35:23] multiplicativo | 2.747e-03 ± 9.05e-04 | 0.079s ± 0.006 |   2000.0 |      0.0 |       0.0

Teste t pareado (erro de reconstrução):
  lin vs multiplicativo: p-valor = 0.1167
--------------------------------------------------------------------------------------------------------------
[2026-05-31 08:35:23] 
[2026-05-31 08:35:23] >>> dim=50×100 | rank=5
ALGORITMO      | ERRO MÉDIO ± IC95%   | TEMPO (s) ± IC95% | ITER EXT | ITER INT | REINÍCIOS
--------------------------------------------------------------------------------------------------------------
[2026-05-31 08:35:29] lin            | 1.805e-03 ± 5.74e-04 | 0.118s ± 0.019 |    230.2 |   9530.1 |       0.0
[2026-05-31 08:35:29] multiplicativo | 5.970e-03 ± 8.30e-04 | 0.088s ± 0.006 |   2000.0 |      0.0 |       0.0

Teste t pareado (erro de reconstrução):
  lin vs multiplicativo: p-valor = 0.0000
--------------------------------------------------------------------------------------------------------------
[2026-05-31 08:35:29] 
[2026-05-31 08:35:29] >>> dim=50×100 | rank=10
ALGORITMO      | ERRO MÉDIO ± IC95%   | TEMPO (s) ± IC95% | ITER EXT | ITER INT | REINÍCIOS
--------------------------------------------------------------------------------------------------------------
[2026-05-31 08:35:40] lin            | 1.979e-03 ± 1.38e-04 | 0.239s ± 0.029 |    130.7 |   9081.8 |       0.0
[2026-05-31 08:35:40] multiplicativo | 4.612e-03 ± 4.13e-04 | 0.119s ± 0.007 |   2000.0 |      0.0 |       0.0

Teste t pareado (erro de reconstrução):
  lin vs multiplicativo: p-valor = 0.0000
--------------------------------------------------------------------------------------------------------------
[2026-05-31 08:35:40] 
[2026-05-31 08:35:40] >>> dim=100×200 | rank=3
ALGORITMO      | ERRO MÉDIO ± IC95%   | TEMPO (s) ± IC95% | ITER EXT | ITER INT | REINÍCIOS
--------------------------------------------------------------------------------------------------------------
[2026-05-31 08:35:50] lin            | 9.505e-04 ± 8.95e-05 | 0.069s ± 0.015 |     93.4 |   4146.6 |       0.0
[2026-05-31 08:35:50] multiplicativo | 1.886e-03 ± 6.34e-04 | 0.279s ± 0.011 |   1978.6 |      0.0 |       0.0

Teste t pareado (erro de reconstrução):
  lin vs multiplicativo: p-valor = 0.0067
--------------------------------------------------------------------------------------------------------------
[2026-05-31 08:35:50] 
[2026-05-31 08:35:50] >>> dim=100×200 | rank=5
ALGORITMO      | ERRO MÉDIO ± IC95%   | TEMPO (s) ± IC95% | ITER EXT | ITER INT | REINÍCIOS
--------------------------------------------------------------------------------------------------------------
[2026-05-31 08:36:03] lin            | 1.548e-03 ± 6.46e-04 | 0.190s ± 0.042 |    242.7 |   7943.2 |       0.0
[2026-05-31 08:36:03] multiplicativo | 6.518e-03 ± 9.69e-04 | 0.256s ± 0.015 |   2000.0 |      0.0 |       0.0

Teste t pareado (erro de reconstrução):
  lin vs multiplicativo: p-valor = 0.0000
--------------------------------------------------------------------------------------------------------------
[2026-05-31 08:36:03] 
[2026-05-31 08:36:03] >>> dim=100×200 | rank=10
ALGORITMO      | ERRO MÉDIO ± IC95%   | TEMPO (s) ± IC95% | ITER EXT | ITER INT | REINÍCIOS
--------------------------------------------------------------------------------------------------------------
[2026-05-31 08:36:26] lin            | 4.385e-03 ± 2.60e-04 | 0.469s ± 0.067 |    152.3 |  11105.3 |       0.0
[2026-05-31 08:36:26] multiplicativo | 7.431e-03 ± 4.46e-04 | 0.292s ± 0.044 |   2000.0 |      0.0 |       0.0

Teste t pareado (erro de reconstrução):
  lin vs multiplicativo: p-valor = 0.0000
--------------------------------------------------------------------------------------------------------------
[2026-05-31 08:36:26] 
[2026-05-31 08:36:26] >>> dim=200×500 | rank=3
ALGORITMO      | ERRO MÉDIO ± IC95%   | TEMPO (s) ± IC95% | ITER EXT | ITER INT | REINÍCIOS
--------------------------------------------------------------------------------------------------------------
[2026-05-31 08:37:10] lin            | 5.563e-04 ± 3.32e-05 | 0.179s ± 0.019 |    162.9 |   3534.4 |       0.0
[2026-05-31 08:37:10] multiplicativo | 2.742e-03 ± 9.52e-04 | 1.277s ± 0.083 |   2000.0 |      0.0 |       0.0

Teste t pareado (erro de reconstrução):
  lin vs multiplicativo: p-valor = 0.0001
--------------------------------------------------------------------------------------------------------------
[2026-05-31 08:37:10] 
[2026-05-31 08:37:10] >>> dim=200×500 | rank=5
ALGORITMO      | ERRO MÉDIO ± IC95%   | TEMPO (s) ± IC95% | ITER EXT | ITER INT | REINÍCIOS
--------------------------------------------------------------------------------------------------------------
[2026-05-31 08:38:04] lin            | 1.659e-03 ± 5.75e-04 | 0.640s ± 0.107 |    148.2 |   6640.9 |       0.0
[2026-05-31 08:38:04] multiplicativo | 7.674e-03 ± 1.44e-03 | 1.166s ± 0.087 |   2000.0 |      0.0 |       0.0

Teste t pareado (erro de reconstrução):
  lin vs multiplicativo: p-valor = 0.0000
--------------------------------------------------------------------------------------------------------------
[2026-05-31 08:38:04] 
[2026-05-31 08:38:04] >>> dim=200×500 | rank=10
ALGORITMO      | ERRO MÉDIO ± IC95%   | TEMPO (s) ± IC95% | ITER EXT | ITER INT | REINÍCIOS
--------------------------------------------------------------------------------------------------------------
[2026-05-31 08:40:32] lin            | 2.852e-03 ± 4.62e-04 | 3.181s ± 0.641 |    656.4 |  19697.5 |       0.0
[2026-05-31 08:40:32] multiplicativo | 1.010e-02 ± 2.84e-04 | 1.755s ± 0.161 |   2000.0 |      0.0 |       0.0

Teste t pareado (erro de reconstrução):
  lin vs multiplicativo: p-valor = 0.0000
--------------------------------------------------------------------------------------------------------------
[2026-05-31 08:40:32] === FINALIZADO ===
