[2026-05-31 08:33:47] === EXPERIMENTO: RECUPERAÇÃO DE X SINTÉTICO ===
[2026-05-31 08:33:47] trials     = 30
[2026-05-31 08:33:47] dims (m×n) = [(10, 10), (10, 200), (50, 100), (100, 200), (200, 500)]
[2026-05-31 08:33:47] ranks      = [3, 5, 10]
================================================================================
[2026-05-31 08:33:47] 
[2026-05-31 08:33:47] >>> dim=10×10 | rank=3
ALGORITMO      | ERRO MÉDIO ± IC95%   | TEMPO (s) ± IC95% | ITER EXT | ITER INT | REINÍCIOS
--------------------------------------------------------------------------------------------------------------
[2026-05-31 08:33:48] lin            | 9.854e-05 ± 5.09e-05 | 0.021s ± 0.006 |     97.7 |   8582.4 |       0.0
[2026-05-31 08:33:48] multiplicativo | 8.898e-04 ± 9.22e-04 | 0.005s ± 0.002 |   1641.1 |      0.0 |       0.0

Teste t pareado (erro de reconstrução):
  lin vs multiplicativo: p-valor = 0.0867
--------------------------------------------------------------------------------------------------------------
[2026-05-31 08:33:48] 
[2026-05-31 08:33:48] >>> dim=10×10 | rank=5
ALGORITMO      | ERRO MÉDIO ± IC95%   | TEMPO (s) ± IC95% | ITER EXT | ITER INT | REINÍCIOS
--------------------------------------------------------------------------------------------------------------
[2026-05-31 08:33:49] lin            | 8.231e-05 ± 3.23e-05 | 0.025s ± 0.007 |     61.9 |   9738.1 |       0.0
[2026-05-31 08:33:49] multiplicativo | 2.416e-03 ± 1.24e-03 | 0.007s ± 0.002 |   1960.8 |      0.0 |       0.0

Teste t pareado (erro de reconstrução):
  lin vs multiplicativo: p-valor = 0.0006
--------------------------------------------------------------------------------------------------------------
[2026-05-31 08:33:49] 
[2026-05-31 08:33:49] >>> dim=10×10 | rank=10
ALGORITMO      | ERRO MÉDIO ± IC95%   | TEMPO (s) ± IC95% | ITER EXT | ITER INT | REINÍCIOS
--------------------------------------------------------------------------------------------------------------
[2026-05-31 08:33:51] lin            | 1.924e-04 ± 3.77e-05 | 0.049s ± 0.009 |     42.3 |   8560.7 |       0.0
[2026-05-31 08:33:51] multiplicativo | 9.613e-04 ± 2.15e-04 | 0.012s ± 0.003 |   2000.0 |      0.0 |       0.0

Teste t pareado (erro de reconstrução):
  lin vs multiplicativo: p-valor = 0.0000
--------------------------------------------------------------------------------------------------------------
[2026-05-31 08:33:51] 
[2026-05-31 08:33:51] >>> dim=10×200 | rank=3
ALGORITMO      | ERRO MÉDIO ± IC95%   | TEMPO (s) ± IC95% | ITER EXT | ITER INT | REINÍCIOS
--------------------------------------------------------------------------------------------------------------
[2026-05-31 08:33:57] lin            | 1.781e-04 ± 2.59e-05 | 0.143s ± 0.040 |    284.6 |  13067.5 |       0.0
[2026-05-31 08:33:57] multiplicativo | 1.949e-03 ± 6.34e-04 | 0.056s ± 0.004 |   2000.0 |      0.0 |       0.0

Teste t pareado (erro de reconstrução):
  lin vs multiplicativo: p-valor = 0.0000
--------------------------------------------------------------------------------------------------------------
[2026-05-31 08:33:57] 
[2026-05-31 08:33:57] >>> dim=10×200 | rank=5
ALGORITMO      | ERRO MÉDIO ± IC95%   | TEMPO (s) ± IC95% | ITER EXT | ITER INT | REINÍCIOS
--------------------------------------------------------------------------------------------------------------
[2026-05-31 08:34:08] lin            | 1.660e-04 ± 2.19e-05 | 0.311s ± 0.044 |    468.6 |  27736.5 |       0.0
[2026-05-31 08:34:08] multiplicativo | 3.830e-03 ± 4.36e-04 | 0.052s ± 0.003 |   2000.0 |      0.0 |       0.0

Teste t pareado (erro de reconstrução):
  lin vs multiplicativo: p-valor = 0.0000
--------------------------------------------------------------------------------------------------------------
[2026-05-31 08:34:08] 
[2026-05-31 08:34:08] >>> dim=10×200 | rank=10
