[2026-05-31 08:50:13] === EXPERIMENTO: RECUPERAÇÃO DE X SINTÉTICO ===
[2026-05-31 08:50:13] trials     = 30
[2026-05-31 08:50:13] dims (m×n) = [(10, 10), (10, 200), (50, 100), (100, 200), (200, 500)]
[2026-05-31 08:50:13] ranks      = [3, 5, 10]
================================================================================
[2026-05-31 08:50:13] 
[2026-05-31 08:50:13] >>> dim=10×10 | rank=3
ALGORITMO      | ERRO MÉDIO ± IC95%   | TEMPO (s) ± IC95% | ITER EXT | ITER INT | REINÍCIOS
--------------------------------------------------------------------------------------------------------------
[2026-05-31 08:50:13] lin            | 8.365e-04 ± 3.00e-04 | 0.009s ± 0.005 |     63.7 |   3788.1 |       0.0
[2026-05-31 08:50:13] multiplicativo | 8.897e-04 ± 9.22e-04 | 0.004s ± 0.002 |   1641.1 |      0.0 |       0.0

Teste t pareado (erro de reconstrução):
  lin vs multiplicativo: p-valor = 0.9029
--------------------------------------------------------------------------------------------------------------
[2026-05-31 08:50:13] 
[2026-05-31 08:50:13] >>> dim=10×10 | rank=5
ALGORITMO      | ERRO MÉDIO ± IC95%   | TEMPO (s) ± IC95% | ITER EXT | ITER INT | REINÍCIOS
--------------------------------------------------------------------------------------------------------------
[2026-05-31 08:50:14] lin            | 1.282e-03 ± 8.85e-04 | 0.008s ± 0.003 |     34.3 |   3978.4 |       0.0
[2026-05-31 08:50:14] multiplicativo | 2.416e-03 ± 1.24e-03 | 0.007s ± 0.002 |   1960.8 |      0.0 |       0.0

Teste t pareado (erro de reconstrução):
  lin vs multiplicativo: p-valor = 0.1057
--------------------------------------------------------------------------------------------------------------
[2026-05-31 08:50:14] 
[2026-05-31 08:50:14] >>> dim=10×10 | rank=10
ALGORITMO      | ERRO MÉDIO ± IC95%   | TEMPO (s) ± IC95% | ITER EXT | ITER INT | REINÍCIOS
--------------------------------------------------------------------------------------------------------------
[2026-05-31 08:50:14] lin            | 1.290e-03 ± 1.44e-04 | 0.008s ± 0.003 |     18.2 |   2819.6 |       0.0
[2026-05-31 08:50:14] multiplicativo | 9.613e-04 ± 2.15e-04 | 0.010s ± 0.002 |   2000.0 |      0.0 |       0.0

Teste t pareado (erro de reconstrução):
  lin vs multiplicativo: p-valor = 0.0075
--------------------------------------------------------------------------------------------------------------
[2026-05-31 08:50:14] 
[2026-05-31 08:50:14] >>> dim=10×200 | rank=3
ALGORITMO      | ERRO MÉDIO ± IC95%   | TEMPO (s) ± IC95% | ITER EXT | ITER INT | REINÍCIOS
--------------------------------------------------------------------------------------------------------------
[2026-05-31 08:50:16] lin            | 1.081e-03 ± 1.32e-04 | 0.030s ± 0.003 |     87.0 |   3742.2 |       0.0
[2026-05-31 08:50:16] multiplicativo | 1.949e-03 ± 6.34e-04 | 0.035s ± 0.002 |   2000.0 |      0.0 |       0.0

Teste t pareado (erro de reconstrução):
  lin vs multiplicativo: p-valor = 0.0086
--------------------------------------------------------------------------------------------------------------
[2026-05-31 08:50:16] 
[2026-05-31 08:50:16] >>> dim=10×200 | rank=5
ALGORITMO      | ERRO MÉDIO ± IC95%   | TEMPO (s) ± IC95% | ITER EXT | ITER INT | REINÍCIOS
--------------------------------------------------------------------------------------------------------------
[2026-05-31 08:50:20] lin            | 1.306e-03 ± 1.47e-04 | 0.091s ± 0.012 |    169.3 |   7368.4 |       0.0
[2026-05-31 08:50:20] multiplicativo | 3.830e-03 ± 4.36e-04 | 0.040s ± 0.004 |   2000.0 |      0.0 |       0.0

Teste t pareado (erro de reconstrução):
  lin vs multiplicativo: p-valor = 0.0000
--------------------------------------------------------------------------------------------------------------
[2026-05-31 08:50:20] 
[2026-05-31 08:50:20] >>> dim=10×200 | rank=10
ALGORITMO      | ERRO MÉDIO ± IC95%   | TEMPO (s) ± IC95% | ITER EXT | ITER INT | REINÍCIOS
--------------------------------------------------------------------------------------------------------------
[2026-05-31 08:50:33] lin            | 3.023e-03 ± 2.62e-04 | 0.354s ± 0.092 |     68.2 |   8572.2 |       0.0
[2026-05-31 08:50:33] multiplicativo | 6.448e-03 ± 6.70e-04 | 0.062s ± 0.003 |   2000.0 |      0.0 |       0.0

Teste t pareado (erro de reconstrução):
  lin vs multiplicativo: p-valor = 0.0000
--------------------------------------------------------------------------------------------------------------
[2026-05-31 08:50:33] 
[2026-05-31 08:50:33] >>> dim=50×100 | rank=3
ALGORITMO      | ERRO MÉDIO ± IC95%   | TEMPO (s) ± IC95% | ITER EXT | ITER INT | REINÍCIOS
--------------------------------------------------------------------------------------------------------------
[2026-05-31 08:50:36] lin            | 1.406e-03 ± 1.32e-03 | 0.039s ± 0.006 |    147.8 |   4353.5 |       0.0
[2026-05-31 08:50:36] multiplicativo | 2.747e-03 ± 9.05e-04 | 0.063s ± 0.002 |   2000.0 |      0.0 |       0.0

Teste t pareado (erro de reconstrução):
  lin vs multiplicativo: p-valor = 0.1167
--------------------------------------------------------------------------------------------------------------
[2026-05-31 08:50:36] 
[2026-05-31 08:50:36] >>> dim=50×100 | rank=5
ALGORITMO      | ERRO MÉDIO ± IC95%   | TEMPO (s) ± IC95% | ITER EXT | ITER INT | REINÍCIOS
--------------------------------------------------------------------------------------------------------------
[2026-05-31 08:50:41] lin            | 1.805e-03 ± 5.74e-04 | 0.103s ± 0.032 |    230.2 |   9530.1 |       0.0
[2026-05-31 08:50:41] multiplicativo | 5.970e-03 ± 8.30e-04 | 0.064s ± 0.005 |   2000.0 |      0.0 |       0.0

Teste t pareado (erro de reconstrução):
  lin vs multiplicativo: p-valor = 0.0000
--------------------------------------------------------------------------------------------------------------
[2026-05-31 08:50:41] 
[2026-05-31 08:50:41] >>> dim=50×100 | rank=10
ALGORITMO      | ERRO MÉDIO ± IC95%   | TEMPO (s) ± IC95% | ITER EXT | ITER INT | REINÍCIOS
--------------------------------------------------------------------------------------------------------------
[2026-05-31 08:50:52] lin            | 1.979e-03 ± 1.38e-04 | 0.251s ± 0.059 |    130.7 |   9081.8 |       0.0
[2026-05-31 08:50:52] multiplicativo | 4.612e-03 ± 4.13e-04 | 0.132s ± 0.025 |   2000.0 |      0.0 |       0.0

Teste t pareado (erro de reconstrução):
  lin vs multiplicativo: p-valor = 0.0000
--------------------------------------------------------------------------------------------------------------
[2026-05-31 08:50:52] 
[2026-05-31 08:50:52] >>> dim=100×200 | rank=3
ALGORITMO      | ERRO MÉDIO ± IC95%   | TEMPO (s) ± IC95% | ITER EXT | ITER INT | REINÍCIOS
--------------------------------------------------------------------------------------------------------------
[2026-05-31 08:51:12] lin            | 9.505e-04 ± 8.95e-05 | 0.138s ± 0.030 |     93.4 |   4146.6 |       0.0
[2026-05-31 08:51:12] multiplicativo | 1.886e-03 ± 6.34e-04 | 0.526s ± 0.057 |   1978.6 |      0.0 |       0.0

Teste t pareado (erro de reconstrução):
  lin vs multiplicativo: p-valor = 0.0067
--------------------------------------------------------------------------------------------------------------
[2026-05-31 08:51:12] 
[2026-05-31 08:51:12] >>> dim=100×200 | rank=5
ALGORITMO      | ERRO MÉDIO ± IC95%   | TEMPO (s) ± IC95% | ITER EXT | ITER INT | REINÍCIOS
--------------------------------------------------------------------------------------------------------------
[2026-05-31 08:51:41] lin            | 1.548e-03 ± 6.46e-04 | 0.402s ± 0.096 |    242.7 |   7943.2 |       0.0
[2026-05-31 08:51:41] multiplicativo | 6.518e-03 ± 9.69e-04 | 0.565s ± 0.053 |   2000.0 |      0.0 |       0.0

Teste t pareado (erro de reconstrução):
  lin vs multiplicativo: p-valor = 0.0000
--------------------------------------------------------------------------------------------------------------
[2026-05-31 08:51:41] 
[2026-05-31 08:51:41] >>> dim=100×200 | rank=10
ALGORITMO      | ERRO MÉDIO ± IC95%   | TEMPO (s) ± IC95% | ITER EXT | ITER INT | REINÍCIOS
--------------------------------------------------------------------------------------------------------------
[2026-05-31 08:52:43] lin            | 4.385e-03 ± 2.60e-04 | 1.279s ± 0.159 |    152.3 |  11105.3 |       0.0
[2026-05-31 08:52:43] multiplicativo | 7.431e-03 ± 4.46e-04 | 0.775s ± 0.059 |   2000.0 |      0.0 |       0.0

Teste t pareado (erro de reconstrução):
  lin vs multiplicativo: p-valor = 0.0000
--------------------------------------------------------------------------------------------------------------
[2026-05-31 08:52:43] 
[2026-05-31 08:52:43] >>> dim=200×500 | rank=3
ALGORITMO      | ERRO MÉDIO ± IC95%   | TEMPO (s) ± IC95% | ITER EXT | ITER INT | REINÍCIOS
--------------------------------------------------------------------------------------------------------------
[2026-05-31 08:54:16] lin            | 5.563e-04 ± 3.32e-05 | 0.435s ± 0.078 |    162.9 |   3534.4 |       0.0
[2026-05-31 08:54:16] multiplicativo | 2.742e-03 ± 9.52e-04 | 2.660s ± 0.232 |   2000.0 |      0.0 |       0.0

Teste t pareado (erro de reconstrução):
  lin vs multiplicativo: p-valor = 0.0001
--------------------------------------------------------------------------------------------------------------
[2026-05-31 08:54:16] 
[2026-05-31 08:54:16] >>> dim=200×500 | rank=5
ALGORITMO      | ERRO MÉDIO ± IC95%   | TEMPO (s) ± IC95% | ITER EXT | ITER INT | REINÍCIOS
--------------------------------------------------------------------------------------------------------------
[2026-05-31 08:56:12] lin            | 1.659e-03 ± 5.75e-04 | 1.260s ± 0.234 |    148.2 |   6640.9 |       0.0
[2026-05-31 08:56:12] multiplicativo | 7.674e-03 ± 1.44e-03 | 2.611s ± 0.311 |   2000.0 |      0.0 |       0.0

Teste t pareado (erro de reconstrução):
  lin vs multiplicativo: p-valor = 0.0000
--------------------------------------------------------------------------------------------------------------
[2026-05-31 08:56:12] 
[2026-05-31 08:56:12] >>> dim=200×500 | rank=10
ALGORITMO      | ERRO MÉDIO ± IC95%   | TEMPO (s) ± IC95% | ITER EXT | ITER INT | REINÍCIOS
--------------------------------------------------------------------------------------------------------------
[2026-05-31 08:58:49] lin            | 2.852e-03 ± 4.62e-04 | 3.288s ± 0.443 |    656.4 |  19697.5 |       0.0
[2026-05-31 08:58:49] multiplicativo | 1.010e-02 ± 2.84e-04 | 1.936s ± 0.274 |   2000.0 |      0.0 |       0.0

Teste t pareado (erro de reconstrução):
  lin vs multiplicativo: p-valor = 0.0000
--------------------------------------------------------------------------------------------------------------
[2026-05-31 08:58:49] === FINALIZADO ===
