[2026-05-26 19:02:18] === EXPERIMENTO: RECUPERAÇÃO DE X SINTÉTICO (sem ruído) ===
[2026-05-26 19:02:18] trials     = 30
[2026-05-26 19:02:18] dims (m×n) = [(50, 100), (100, 200), (200, 500)]
[2026-05-26 19:02:18] ranks      = [3, 5, 10]
================================================================================
[2026-05-26 19:02:18] 
[2026-05-26 19:02:18] >>> dim=50×100 | rank=3
ALGORITMO      | ERRO MÉDIO ± IC95%   | TEMPO (s) ± IC95% | ITER MÉDIA | CONV%
--------------------------------------------------------------------------------
[2026-05-26 19:02:20] lin            | 2.315e-02 ± 1.63e-03 | 0.002s ± 0.001 |      179.5 | 100.0%
[2026-05-26 19:02:20] multiplicativo | 1.878e-03 ± 5.64e-04 | 0.077s ± 0.004 |     2000.0 |   0.0%

Teste t pareado (erro de reconstrução):
  lin vs multiplicativo: p-valor = 0.0000
--------------------------------------------------------------------------------
[2026-05-26 19:02:20] 
[2026-05-26 19:02:20] >>> dim=50×100 | rank=5
ALGORITMO      | ERRO MÉDIO ± IC95%   | TEMPO (s) ± IC95% | ITER MÉDIA | CONV%
--------------------------------------------------------------------------------
[2026-05-26 19:02:22] lin            | 2.391e-02 ± 1.11e-03 | 0.004s ± 0.002 |      198.7 | 100.0%
[2026-05-26 19:02:22] multiplicativo | 5.756e-03 ± 1.00e-03 | 0.078s ± 0.005 |     2000.0 |   0.0%

Teste t pareado (erro de reconstrução):
  lin vs multiplicativo: p-valor = 0.0000
--------------------------------------------------------------------------------
[2026-05-26 19:02:22] 
[2026-05-26 19:02:22] >>> dim=50×100 | rank=10
ALGORITMO      | ERRO MÉDIO ± IC95%   | TEMPO (s) ± IC95% | ITER MÉDIA | CONV%
--------------------------------------------------------------------------------
[2026-05-26 19:02:26] lin            | 2.994e-02 ± 8.88e-04 | 0.006s ± 0.002 |      209.3 | 100.0%
[2026-05-26 19:02:26] multiplicativo | 4.436e-03 ± 3.55e-04 | 0.101s ± 0.004 |     2000.0 |   0.0%

Teste t pareado (erro de reconstrução):
  lin vs multiplicativo: p-valor = 0.0000
--------------------------------------------------------------------------------
[2026-05-26 19:02:26] 
[2026-05-26 19:02:26] >>> dim=100×200 | rank=3
ALGORITMO      | ERRO MÉDIO ± IC95%   | TEMPO (s) ± IC95% | ITER MÉDIA | CONV%
--------------------------------------------------------------------------------
[2026-05-26 19:02:36] lin            | 2.816e-02 ± 4.95e-03 | 0.005s ± 0.002 |      190.5 | 100.0%
[2026-05-26 19:02:36] multiplicativo | 2.290e-03 ± 6.71e-04 | 0.352s ± 0.130 |     2000.0 |   0.0%

Teste t pareado (erro de reconstrução):
  lin vs multiplicativo: p-valor = 0.0000
--------------------------------------------------------------------------------
[2026-05-26 19:02:36] 
[2026-05-26 19:02:36] >>> dim=100×200 | rank=5
ALGORITMO      | ERRO MÉDIO ± IC95%   | TEMPO (s) ± IC95% | ITER MÉDIA | CONV%
--------------------------------------------------------------------------------
[2026-05-26 19:03:03] lin            | 2.864e-02 ± 7.48e-04 | 0.022s ± 0.004 |      211.7 | 100.0%
[2026-05-26 19:03:03] multiplicativo | 6.980e-03 ± 1.12e-03 | 0.878s ± 0.087 |     2000.0 |   0.0%

Teste t pareado (erro de reconstrução):
  lin vs multiplicativo: p-valor = 0.0000
--------------------------------------------------------------------------------
[2026-05-26 19:03:03] 
[2026-05-26 19:03:03] >>> dim=100×200 | rank=10
ALGORITMO      | ERRO MÉDIO ± IC95%   | TEMPO (s) ± IC95% | ITER MÉDIA | CONV%
--------------------------------------------------------------------------------
[2026-05-26 19:03:38] lin            | 4.378e-02 ± 1.57e-03 | 0.044s ± 0.005 |      263.8 | 100.0%
[2026-05-26 19:03:38] multiplicativo | 7.397e-03 ± 3.32e-04 | 1.094s ± 0.113 |     2000.0 |   0.0%

Teste t pareado (erro de reconstrução):
  lin vs multiplicativo: p-valor = 0.0000
--------------------------------------------------------------------------------
[2026-05-26 19:03:38] 
[2026-05-26 19:03:38] >>> dim=200×500 | rank=3
ALGORITMO      | ERRO MÉDIO ± IC95%   | TEMPO (s) ± IC95% | ITER MÉDIA | CONV%
--------------------------------------------------------------------------------
[2026-05-26 19:05:20] lin            | 1.542e-02 ± 1.27e-03 | 0.029s ± 0.010 |      190.3 | 100.0%
[2026-05-26 19:05:20] multiplicativo | 3.010e-03 ± 1.10e-03 | 3.397s ± 0.701 |     2000.0 |   0.0%

Teste t pareado (erro de reconstrução):
  lin vs multiplicativo: p-valor = 0.0000
--------------------------------------------------------------------------------
[2026-05-26 19:05:20] 
[2026-05-26 19:05:20] >>> dim=200×500 | rank=5
ALGORITMO      | ERRO MÉDIO ± IC95%   | TEMPO (s) ± IC95% | ITER MÉDIA | CONV%
--------------------------------------------------------------------------------
[2026-05-26 19:07:29] lin            | 3.617e-02 ± 1.11e-02 | 0.078s ± 0.014 |      220.7 | 100.0%
[2026-05-26 19:07:29] multiplicativo | 6.958e-03 ± 8.83e-04 | 4.198s ± 0.447 |     2000.0 |   0.0%

Teste t pareado (erro de reconstrução):
  lin vs multiplicativo: p-valor = 0.0000
--------------------------------------------------------------------------------
[2026-05-26 19:07:29] 
[2026-05-26 19:07:29] >>> dim=200×500 | rank=10
ALGORITMO      | ERRO MÉDIO ± IC95%   | TEMPO (s) ± IC95% | ITER MÉDIA | CONV%
--------------------------------------------------------------------------------
[2026-05-26 19:10:59] lin            | 2.829e-02 ± 1.88e-03 | 0.211s ± 0.095 |      245.6 | 100.0%
[2026-05-26 19:10:59] multiplicativo | 9.882e-03 ± 3.34e-04 | 6.789s ± 0.797 |     2000.0 |   0.0%

Teste t pareado (erro de reconstrução):
  lin vs multiplicativo: p-valor = 0.0000
--------------------------------------------------------------------------------
[2026-05-26 19:10:59] === FINALIZADO ===
