[2026-05-30 12:31:43] === EXPERIMENTO: RECUPERAÇÃO DE X SINTÉTICO ===
[2026-05-30 12:31:43] trials     = 30
[2026-05-30 12:31:43] dims (m×n) = [(10, 10), (10, 200), (50, 100), (100, 200), (200, 500)]
[2026-05-30 12:31:43] ranks      = [3, 5, 10]
================================================================================
[2026-05-30 12:31:43] 
[2026-05-30 12:31:43] >>> dim=10×10 | rank=3
ALGORITMO      | ERRO MÉDIO ± IC95%   | TEMPO (s) ± IC95% | ITER MÉDIA
--------------------------------------------------------------------------------
[2026-05-30 12:31:50] lin            | 2.320e-02 ± 4.03e-03 | 0.011s ± 0.013 |      202.3
[2026-05-30 12:31:50] multiplicativo | 8.898e-04 ± 9.22e-04 | 0.036s ± 0.034 |     1641.1

Teste t pareado (erro de reconstrução):
  lin vs multiplicativo: p-valor = 0.0000
--------------------------------------------------------------------------------
[2026-05-30 12:31:50] 
[2026-05-30 12:31:50] >>> dim=10×10 | rank=5
ALGORITMO      | ERRO MÉDIO ± IC95%   | TEMPO (s) ± IC95% | ITER MÉDIA
--------------------------------------------------------------------------------
[2026-05-30 12:31:51] lin            | 2.674e-02 ± 5.00e-03 | 0.002s ± 0.001 |      182.5
[2026-05-30 12:31:51] multiplicativo | 2.416e-03 ± 1.24e-03 | 0.025s ± 0.003 |     1960.8

Teste t pareado (erro de reconstrução):
  lin vs multiplicativo: p-valor = 0.0000
--------------------------------------------------------------------------------
[2026-05-30 12:31:51] 
[2026-05-30 12:31:51] >>> dim=10×10 | rank=10
ALGORITMO      | ERRO MÉDIO ± IC95%   | TEMPO (s) ± IC95% | ITER MÉDIA
--------------------------------------------------------------------------------
[2026-05-30 12:31:52] lin            | 3.041e-02 ± 1.63e-03 | 0.002s ± 0.001 |      112.6
[2026-05-30 12:31:52] multiplicativo | 9.613e-04 ± 2.15e-04 | 0.037s ± 0.003 |     2000.0

Teste t pareado (erro de reconstrução):
  lin vs multiplicativo: p-valor = 0.0000
--------------------------------------------------------------------------------
[2026-05-30 12:31:52] 
[2026-05-30 12:31:52] >>> dim=10×200 | rank=3
ALGORITMO      | ERRO MÉDIO ± IC95%   | TEMPO (s) ± IC95% | ITER MÉDIA
--------------------------------------------------------------------------------
[2026-05-30 12:31:56] lin            | 2.754e-02 ± 4.49e-03 | 0.008s ± 0.003 |      193.1
[2026-05-30 12:31:56] multiplicativo | 1.949e-03 ± 6.34e-04 | 0.128s ± 0.024 |     2000.0

Teste t pareado (erro de reconstrução):
  lin vs multiplicativo: p-valor = 0.0000
--------------------------------------------------------------------------------
[2026-05-30 12:31:56] 
[2026-05-30 12:31:56] >>> dim=10×200 | rank=5
ALGORITMO      | ERRO MÉDIO ± IC95%   | TEMPO (s) ± IC95% | ITER MÉDIA
--------------------------------------------------------------------------------
[2026-05-30 12:31:59] lin            | 2.883e-02 ± 2.00e-03 | 0.007s ± 0.002 |      216.2
[2026-05-30 12:31:59] multiplicativo | 3.830e-03 ± 4.36e-04 | 0.100s ± 0.005 |     2000.0

Teste t pareado (erro de reconstrução):
  lin vs multiplicativo: p-valor = 0.0000
--------------------------------------------------------------------------------
[2026-05-30 12:31:59] 
[2026-05-30 12:31:59] >>> dim=10×200 | rank=10
ALGORITMO      | ERRO MÉDIO ± IC95%   | TEMPO (s) ± IC95% | ITER MÉDIA
--------------------------------------------------------------------------------
[2026-05-30 12:32:05] lin            | 3.969e-02 ± 2.94e-03 | 0.015s ± 0.004 |      209.1
[2026-05-30 12:32:05] multiplicativo | 6.448e-03 ± 6.70e-04 | 0.158s ± 0.025 |     2000.0

Teste t pareado (erro de reconstrução):
  lin vs multiplicativo: p-valor = 0.0000
--------------------------------------------------------------------------------
[2026-05-30 12:32:05] 
[2026-05-30 12:32:05] >>> dim=50×100 | rank=3
ALGORITMO      | ERRO MÉDIO ± IC95%   | TEMPO (s) ± IC95% | ITER MÉDIA
--------------------------------------------------------------------------------
[2026-05-30 12:32:09] lin            | 2.517e-02 ± 1.63e-03 | 0.004s ± 0.002 |      174.2
[2026-05-30 12:32:09] multiplicativo | 2.747e-03 ± 9.05e-04 | 0.145s ± 0.019 |     2000.0

Teste t pareado (erro de reconstrução):
  lin vs multiplicativo: p-valor = 0.0000
--------------------------------------------------------------------------------
[2026-05-30 12:32:09] 
[2026-05-30 12:32:09] >>> dim=50×100 | rank=5
ALGORITMO      | ERRO MÉDIO ± IC95%   | TEMPO (s) ± IC95% | ITER MÉDIA
--------------------------------------------------------------------------------
[2026-05-30 12:32:13] lin            | 2.590e-02 ± 2.94e-03 | 0.005s ± 0.002 |      198.9
[2026-05-30 12:32:13] multiplicativo | 5.970e-03 ± 8.30e-04 | 0.132s ± 0.009 |     2000.0

Teste t pareado (erro de reconstrução):
  lin vs multiplicativo: p-valor = 0.0000
--------------------------------------------------------------------------------
[2026-05-30 12:32:13] 
[2026-05-30 12:32:13] >>> dim=50×100 | rank=10
ALGORITMO      | ERRO MÉDIO ± IC95%   | TEMPO (s) ± IC95% | ITER MÉDIA
--------------------------------------------------------------------------------
[2026-05-30 12:32:21] lin            | 3.040e-02 ± 9.53e-04 | 0.011s ± 0.004 |      217.5
[2026-05-30 12:32:21] multiplicativo | 4.612e-03 ± 4.13e-04 | 0.236s ± 0.031 |     2000.0

Teste t pareado (erro de reconstrução):
  lin vs multiplicativo: p-valor = 0.0000
--------------------------------------------------------------------------------
[2026-05-30 12:32:21] 
[2026-05-30 12:32:21] >>> dim=100×200 | rank=3
ALGORITMO      | ERRO MÉDIO ± IC95%   | TEMPO (s) ± IC95% | ITER MÉDIA
--------------------------------------------------------------------------------
[2026-05-30 12:32:47] lin            | 2.635e-02 ± 1.89e-03 | 0.011s ± 0.003 |      197.2
[2026-05-30 12:32:47] multiplicativo | 1.886e-03 ± 6.34e-04 | 0.850s ± 0.063 |     1978.6

Teste t pareado (erro de reconstrução):
  lin vs multiplicativo: p-valor = 0.0000
--------------------------------------------------------------------------------
[2026-05-30 12:32:47] 
[2026-05-30 12:32:47] >>> dim=100×200 | rank=5
ALGORITMO      | ERRO MÉDIO ± IC95%   | TEMPO (s) ± IC95% | ITER MÉDIA
--------------------------------------------------------------------------------
[2026-05-30 12:33:15] lin            | 2.858e-02 ± 8.44e-04 | 0.044s ± 0.037 |      213.0
[2026-05-30 12:33:15] multiplicativo | 6.518e-03 ± 9.69e-04 | 0.891s ± 0.058 |     2000.0

Teste t pareado (erro de reconstrução):
  lin vs multiplicativo: p-valor = 0.0000
--------------------------------------------------------------------------------
[2026-05-30 12:33:15] 
[2026-05-30 12:33:15] >>> dim=100×200 | rank=10
ALGORITMO      | ERRO MÉDIO ± IC95%   | TEMPO (s) ± IC95% | ITER MÉDIA
--------------------------------------------------------------------------------
[2026-05-30 12:33:46] lin            | 4.381e-02 ± 3.73e-03 | 0.043s ± 0.006 |      264.8
[2026-05-30 12:33:46] multiplicativo | 7.431e-03 ± 4.46e-04 | 0.983s ± 0.114 |     2000.0

Teste t pareado (erro de reconstrução):
  lin vs multiplicativo: p-valor = 0.0000
--------------------------------------------------------------------------------
[2026-05-30 12:33:46] 
[2026-05-30 12:33:46] >>> dim=200×500 | rank=3
ALGORITMO      | ERRO MÉDIO ± IC95%   | TEMPO (s) ± IC95% | ITER MÉDIA
--------------------------------------------------------------------------------
[2026-05-30 12:35:44] lin            | 1.707e-02 ± 1.72e-03 | 0.041s ± 0.008 |      201.2
[2026-05-30 12:35:44] multiplicativo | 2.742e-03 ± 9.52e-04 | 3.889s ± 0.337 |     2000.0

Teste t pareado (erro de reconstrução):
  lin vs multiplicativo: p-valor = 0.0000
--------------------------------------------------------------------------------
[2026-05-30 12:35:44] 
[2026-05-30 12:35:44] >>> dim=200×500 | rank=5
ALGORITMO      | ERRO MÉDIO ± IC95%   | TEMPO (s) ± IC95% | ITER MÉDIA
--------------------------------------------------------------------------------
[2026-05-30 12:37:50] lin            | 4.352e-02 ± 1.25e-02 | 0.071s ± 0.013 |      209.1
[2026-05-30 12:37:50] multiplicativo | 7.674e-03 ± 1.44e-03 | 4.149s ± 0.348 |     2000.0

Teste t pareado (erro de reconstrução):
  lin vs multiplicativo: p-valor = 0.0000
--------------------------------------------------------------------------------
[2026-05-30 12:37:50] 
[2026-05-30 12:37:50] >>> dim=200×500 | rank=10
ALGORITMO      | ERRO MÉDIO ± IC95%   | TEMPO (s) ± IC95% | ITER MÉDIA
--------------------------------------------------------------------------------
[2026-05-30 12:40:59] lin            | 2.676e-02 ± 1.32e-03 | 0.163s ± 0.052 |      248.7
[2026-05-30 12:40:59] multiplicativo | 1.010e-02 ± 2.84e-04 | 6.113s ± 0.383 |     2000.0

Teste t pareado (erro de reconstrução):
  lin vs multiplicativo: p-valor = 0.0000
--------------------------------------------------------------------------------
[2026-05-30 12:40:59] === FINALIZADO ===
