[2026-05-30 17:09:23] === EXPERIMENTO: RECUPERAÇÃO DE X SINTÉTICO ===
[2026-05-30 17:09:23] trials     = 30
[2026-05-30 17:09:23] dims (m×n) = [(10, 10), (10, 200), (50, 100), (100, 200), (200, 500)]
[2026-05-30 17:09:23] ranks      = [3, 5, 10]
================================================================================
[2026-05-30 17:09:23] 
[2026-05-30 17:09:23] >>> dim=10×10 | rank=3
ALGORITMO      | ERRO MÉDIO ± IC95%   | TEMPO (s) ± IC95% | ITER EXT | ITER INT
-----------------------------------------------------------------------------------------------
[2026-05-30 17:09:25] lin            | 2.320e-02 ± 4.03e-03 | 0.002s ± 0.003 |     15.8 |    202.3
[2026-05-30 17:09:25] multiplicativo | 8.898e-04 ± 9.22e-04 | 0.011s ± 0.011 |   1641.1 |      0.0

Teste t pareado (erro de reconstrução):
  lin vs multiplicativo: p-valor = 0.0000
-----------------------------------------------------------------------------------------------
[2026-05-30 17:09:25] 
[2026-05-30 17:09:25] >>> dim=10×10 | rank=5
ALGORITMO      | ERRO MÉDIO ± IC95%   | TEMPO (s) ± IC95% | ITER EXT | ITER INT
-----------------------------------------------------------------------------------------------
[2026-05-30 17:09:26] lin            | 2.674e-02 ± 5.00e-03 | 0.001s ± 0.001 |      8.0 |    182.5
[2026-05-30 17:09:26] multiplicativo | 2.416e-03 ± 1.24e-03 | 0.007s ± 0.002 |   1960.8 |      0.0

Teste t pareado (erro de reconstrução):
  lin vs multiplicativo: p-valor = 0.0000
-----------------------------------------------------------------------------------------------
[2026-05-30 17:09:26] 
[2026-05-30 17:09:26] >>> dim=10×10 | rank=10
ALGORITMO      | ERRO MÉDIO ± IC95%   | TEMPO (s) ± IC95% | ITER EXT | ITER INT
-----------------------------------------------------------------------------------------------
[2026-05-30 17:09:26] lin            | 3.041e-02 ± 1.63e-03 | 0.000s ± 0.000 |      3.1 |    112.6
[2026-05-30 17:09:26] multiplicativo | 9.613e-04 ± 2.15e-04 | 0.011s ± 0.002 |   2000.0 |      0.0

Teste t pareado (erro de reconstrução):
  lin vs multiplicativo: p-valor = 0.0000
-----------------------------------------------------------------------------------------------
[2026-05-30 17:09:26] 
[2026-05-30 17:09:26] >>> dim=10×200 | rank=3
ALGORITMO      | ERRO MÉDIO ± IC95%   | TEMPO (s) ± IC95% | ITER EXT | ITER INT
-----------------------------------------------------------------------------------------------
[2026-05-30 17:09:28] lin            | 2.754e-02 ± 4.49e-03 | 0.003s ± 0.001 |      5.5 |    193.1
[2026-05-30 17:09:28] multiplicativo | 1.949e-03 ± 6.34e-04 | 0.062s ± 0.006 |   2000.0 |      0.0

Teste t pareado (erro de reconstrução):
  lin vs multiplicativo: p-valor = 0.0000
-----------------------------------------------------------------------------------------------
[2026-05-30 17:09:28] 
[2026-05-30 17:09:28] >>> dim=10×200 | rank=5
ALGORITMO      | ERRO MÉDIO ± IC95%   | TEMPO (s) ± IC95% | ITER EXT | ITER INT
-----------------------------------------------------------------------------------------------
[2026-05-30 17:09:30] lin            | 2.883e-02 ± 2.00e-03 | 0.005s ± 0.002 |      5.9 |    216.2
[2026-05-30 17:09:30] multiplicativo | 3.830e-03 ± 4.36e-04 | 0.054s ± 0.004 |   2000.0 |      0.0

Teste t pareado (erro de reconstrução):
  lin vs multiplicativo: p-valor = 0.0000
-----------------------------------------------------------------------------------------------
[2026-05-30 17:09:30] 
[2026-05-30 17:09:30] >>> dim=10×200 | rank=10
ALGORITMO      | ERRO MÉDIO ± IC95%   | TEMPO (s) ± IC95% | ITER EXT | ITER INT
-----------------------------------------------------------------------------------------------
[2026-05-30 17:09:32] lin            | 3.969e-02 ± 2.94e-03 | 0.014s ± 0.011 |      5.3 |    209.1
[2026-05-30 17:09:32] multiplicativo | 6.448e-03 ± 6.70e-04 | 0.079s ± 0.004 |   2000.0 |      0.0

Teste t pareado (erro de reconstrução):
  lin vs multiplicativo: p-valor = 0.0000
-----------------------------------------------------------------------------------------------
[2026-05-30 17:09:32] 
[2026-05-30 17:09:32] >>> dim=50×100 | rank=3
ALGORITMO      | ERRO MÉDIO ± IC95%   | TEMPO (s) ± IC95% | ITER EXT | ITER INT
-----------------------------------------------------------------------------------------------
[2026-05-30 17:09:37] lin            | 2.517e-02 ± 1.63e-03 | 0.005s ± 0.003 |      6.2 |    174.2
[2026-05-30 17:09:37] multiplicativo | 2.747e-03 ± 9.05e-04 | 0.143s ± 0.024 |   2000.0 |      0.0

Teste t pareado (erro de reconstrução):
  lin vs multiplicativo: p-valor = 0.0000
-----------------------------------------------------------------------------------------------
[2026-05-30 17:09:37] 
[2026-05-30 17:09:37] >>> dim=50×100 | rank=5
ALGORITMO      | ERRO MÉDIO ± IC95%   | TEMPO (s) ± IC95% | ITER EXT | ITER INT
-----------------------------------------------------------------------------------------------
[2026-05-30 17:09:41] lin            | 2.590e-02 ± 2.94e-03 | 0.004s ± 0.002 |      7.3 |    198.9
[2026-05-30 17:09:41] multiplicativo | 5.970e-03 ± 8.30e-04 | 0.127s ± 0.024 |   2000.0 |      0.0

Teste t pareado (erro de reconstrução):
  lin vs multiplicativo: p-valor = 0.0000
-----------------------------------------------------------------------------------------------
[2026-05-30 17:09:41] 
[2026-05-30 17:09:41] >>> dim=50×100 | rank=10
ALGORITMO      | ERRO MÉDIO ± IC95%   | TEMPO (s) ± IC95% | ITER EXT | ITER INT
-----------------------------------------------------------------------------------------------
[2026-05-30 17:09:47] lin            | 3.040e-02 ± 9.53e-04 | 0.010s ± 0.004 |      4.7 |    217.5
[2026-05-30 17:09:47] multiplicativo | 4.612e-03 ± 4.13e-04 | 0.179s ± 0.034 |   2000.0 |      0.0

Teste t pareado (erro de reconstrução):
  lin vs multiplicativo: p-valor = 0.0000
-----------------------------------------------------------------------------------------------
[2026-05-30 17:09:47] 
[2026-05-30 17:09:47] >>> dim=100×200 | rank=3
ALGORITMO      | ERRO MÉDIO ± IC95%   | TEMPO (s) ± IC95% | ITER EXT | ITER INT
-----------------------------------------------------------------------------------------------
[2026-05-30 17:10:00] lin            | 2.635e-02 ± 1.89e-03 | 0.009s ± 0.004 |      6.4 |    197.2
[2026-05-30 17:10:00] multiplicativo | 1.886e-03 ± 6.34e-04 | 0.448s ± 0.099 |   1978.6 |      0.0

Teste t pareado (erro de reconstrução):
  lin vs multiplicativo: p-valor = 0.0000
-----------------------------------------------------------------------------------------------
[2026-05-30 17:10:00] 
[2026-05-30 17:10:00] >>> dim=100×200 | rank=5
ALGORITMO      | ERRO MÉDIO ± IC95%   | TEMPO (s) ± IC95% | ITER EXT | ITER INT
-----------------------------------------------------------------------------------------------
[2026-05-30 17:10:08] lin            | 2.858e-02 ± 8.44e-04 | 0.006s ± 0.003 |      6.7 |    213.0
[2026-05-30 17:10:08] multiplicativo | 6.518e-03 ± 9.69e-04 | 0.246s ± 0.025 |   2000.0 |      0.0

Teste t pareado (erro de reconstrução):
  lin vs multiplicativo: p-valor = 0.0000
-----------------------------------------------------------------------------------------------
[2026-05-30 17:10:08] 
[2026-05-30 17:10:08] >>> dim=100×200 | rank=10
ALGORITMO      | ERRO MÉDIO ± IC95%   | TEMPO (s) ± IC95% | ITER EXT | ITER INT
-----------------------------------------------------------------------------------------------
[2026-05-30 17:10:19] lin            | 4.381e-02 ± 3.73e-03 | 0.026s ± 0.026 |      6.4 |    264.8
[2026-05-30 17:10:19] multiplicativo | 7.431e-03 ± 4.46e-04 | 0.341s ± 0.055 |   2000.0 |      0.0

Teste t pareado (erro de reconstrução):
  lin vs multiplicativo: p-valor = 0.0000
-----------------------------------------------------------------------------------------------
[2026-05-30 17:10:19] 
[2026-05-30 17:10:19] >>> dim=200×500 | rank=3
ALGORITMO      | ERRO MÉDIO ± IC95%   | TEMPO (s) ± IC95% | ITER EXT | ITER INT
-----------------------------------------------------------------------------------------------
[2026-05-30 17:11:15] lin            | 1.707e-02 ± 1.72e-03 | 0.019s ± 0.005 |      9.7 |    201.2
[2026-05-30 17:11:15] multiplicativo | 2.742e-03 ± 9.52e-04 | 1.838s ± 0.269 |   2000.0 |      0.0

Teste t pareado (erro de reconstrução):
  lin vs multiplicativo: p-valor = 0.0000
-----------------------------------------------------------------------------------------------
[2026-05-30 17:11:15] 
[2026-05-30 17:11:15] >>> dim=200×500 | rank=5
ALGORITMO      | ERRO MÉDIO ± IC95%   | TEMPO (s) ± IC95% | ITER EXT | ITER INT
-----------------------------------------------------------------------------------------------
[2026-05-30 17:12:27] lin            | 4.352e-02 ± 1.25e-02 | 0.037s ± 0.009 |      5.9 |    209.1
[2026-05-30 17:12:27] multiplicativo | 7.674e-03 ± 1.44e-03 | 2.357s ± 0.360 |   2000.0 |      0.0

Teste t pareado (erro de reconstrução):
  lin vs multiplicativo: p-valor = 0.0000
-----------------------------------------------------------------------------------------------
[2026-05-30 17:12:27] 
[2026-05-30 17:12:27] >>> dim=200×500 | rank=10
ALGORITMO      | ERRO MÉDIO ± IC95%   | TEMPO (s) ± IC95% | ITER EXT | ITER INT
-----------------------------------------------------------------------------------------------
[2026-05-30 17:15:13] lin            | 2.676e-02 ± 1.32e-03 | 0.107s ± 0.033 |      7.9 |    248.7
[2026-05-30 17:15:13] multiplicativo | 1.010e-02 ± 2.84e-04 | 5.433s ± 3.042 |   2000.0 |      0.0

Teste t pareado (erro de reconstrução):
  lin vs multiplicativo: p-valor = 0.0000
-----------------------------------------------------------------------------------------------
[2026-05-30 17:15:13] === FINALIZADO ===
