[2026-05-31 15:31:50] === EXPERIMENTO: RECUPERAÇÃO DE X SINTÉTICO ===
[2026-05-31 15:31:50] trials     = 30
[2026-05-31 15:31:50] dims (m×n) = [(10, 10), (10, 200), (50, 100), (100, 200), (200, 500)]
[2026-05-31 15:31:50] ranks      = [3, 5, 10]
================================================================================
[2026-05-31 15:31:50] 
[2026-05-31 15:31:50] >>> dim=10×10 | rank=3
ALGORITMO      | ERRO MÉDIO ± IC95%   | TEMPO (s) ± IC95% | ITER EXT | ITER INT | REINÍCIOS
--------------------------------------------------------------------------------------------------------------
[2026-05-31 15:31:51] lin            | 8.365e-04 ± 3.00e-04 | 0.007s ± 0.003 |     63.7 |   3788.1 |       0.0
[2026-05-31 15:31:51] multiplicativo | 8.897e-04 ± 9.22e-04 | 0.005s ± 0.003 |   1641.1 |      0.0 |       0.0
--------------------------------------------------------------------------------------------------------------
[2026-05-31 15:31:51] 
[2026-05-31 15:31:51] >>> dim=10×10 | rank=5
ALGORITMO      | ERRO MÉDIO ± IC95%   | TEMPO (s) ± IC95% | ITER EXT | ITER INT | REINÍCIOS
--------------------------------------------------------------------------------------------------------------
[2026-05-31 15:31:51] lin            | 1.282e-03 ± 8.85e-04 | 0.008s ± 0.003 |     34.3 |   3978.4 |       0.0
[2026-05-31 15:31:51] multiplicativo | 2.416e-03 ± 1.24e-03 | 0.007s ± 0.003 |   1960.8 |      0.0 |       0.0
--------------------------------------------------------------------------------------------------------------
[2026-05-31 15:31:51] 
[2026-05-31 15:31:51] >>> dim=10×10 | rank=10
ALGORITMO      | ERRO MÉDIO ± IC95%   | TEMPO (s) ± IC95% | ITER EXT | ITER INT | REINÍCIOS
--------------------------------------------------------------------------------------------------------------
[2026-05-31 15:31:52] lin            | 1.292e-03 ± 1.44e-04 | 0.011s ± 0.003 |     18.1 |   2818.0 |       0.0
[2026-05-31 15:31:52] multiplicativo | 9.613e-04 ± 2.15e-04 | 0.009s ± 0.003 |   2000.0 |      0.0 |       0.0
--------------------------------------------------------------------------------------------------------------
[2026-05-31 15:31:52] 
[2026-05-31 15:31:52] >>> dim=10×200 | rank=3
ALGORITMO      | ERRO MÉDIO ± IC95%   | TEMPO (s) ± IC95% | ITER EXT | ITER INT | REINÍCIOS
--------------------------------------------------------------------------------------------------------------
[2026-05-31 15:31:54] lin            | 1.080e-03 ± 1.31e-04 | 0.032s ± 0.003 |     87.1 |   3743.6 |       0.0
[2026-05-31 15:31:54] multiplicativo | 1.949e-03 ± 6.34e-04 | 0.040s ± 0.002 |   2000.0 |      0.0 |       0.0
--------------------------------------------------------------------------------------------------------------
[2026-05-31 15:31:54] 
[2026-05-31 15:31:54] >>> dim=10×200 | rank=5
ALGORITMO      | ERRO MÉDIO ± IC95%   | TEMPO (s) ± IC95% | ITER EXT | ITER INT | REINÍCIOS
--------------------------------------------------------------------------------------------------------------
[2026-05-31 15:31:58] lin            | 1.306e-03 ± 1.47e-04 | 0.093s ± 0.012 |    169.2 |   7367.7 |       0.0
[2026-05-31 15:31:58] multiplicativo | 3.830e-03 ± 4.36e-04 | 0.041s ± 0.003 |   2000.0 |      0.0 |       0.0
--------------------------------------------------------------------------------------------------------------
[2026-05-31 15:31:58] 
[2026-05-31 15:31:58] >>> dim=10×200 | rank=10
ALGORITMO      | ERRO MÉDIO ± IC95%   | TEMPO (s) ± IC95% | ITER EXT | ITER INT | REINÍCIOS
--------------------------------------------------------------------------------------------------------------
[2026-05-31 15:32:14] lin            | 3.023e-03 ± 2.62e-04 | 0.447s ± 0.096 |     68.2 |   8572.2 |       0.0
[2026-05-31 15:32:14] multiplicativo | 6.448e-03 ± 6.70e-04 | 0.078s ± 0.011 |   2000.0 |      0.0 |       0.0
--------------------------------------------------------------------------------------------------------------
[2026-05-31 15:32:14] 
[2026-05-31 15:32:14] >>> dim=50×100 | rank=3
ALGORITMO      | ERRO MÉDIO ± IC95%   | TEMPO (s) ± IC95% | ITER EXT | ITER INT | REINÍCIOS
--------------------------------------------------------------------------------------------------------------
[2026-05-31 15:32:17] lin            | 1.406e-03 ± 1.32e-03 | 0.039s ± 0.006 |    147.8 |   4353.5 |       0.0
[2026-05-31 15:32:17] multiplicativo | 2.747e-03 ± 9.05e-04 | 0.069s ± 0.002 |   2000.0 |      0.0 |       0.0
--------------------------------------------------------------------------------------------------------------
[2026-05-31 15:32:17] 
[2026-05-31 15:32:17] >>> dim=50×100 | rank=5
ALGORITMO      | ERRO MÉDIO ± IC95%   | TEMPO (s) ± IC95% | ITER EXT | ITER INT | REINÍCIOS
--------------------------------------------------------------------------------------------------------------
[2026-05-31 15:32:22] lin            | 1.805e-03 ± 5.74e-04 | 0.090s ± 0.011 |    230.2 |   9530.1 |       0.0
[2026-05-31 15:32:22] multiplicativo | 5.970e-03 ± 8.30e-04 | 0.068s ± 0.003 |   2000.0 |      0.0 |       0.0
--------------------------------------------------------------------------------------------------------------
[2026-05-31 15:32:22] 
[2026-05-31 15:32:22] >>> dim=50×100 | rank=10
ALGORITMO      | ERRO MÉDIO ± IC95%   | TEMPO (s) ± IC95% | ITER EXT | ITER INT | REINÍCIOS
--------------------------------------------------------------------------------------------------------------
[2026-05-31 15:32:31] lin            | 1.979e-03 ± 1.38e-04 | 0.168s ± 0.017 |    130.7 |   9081.8 |       0.0
[2026-05-31 15:32:31] multiplicativo | 4.612e-03 ± 4.13e-04 | 0.118s ± 0.051 |   2000.0 |      0.0 |       0.0
--------------------------------------------------------------------------------------------------------------
[2026-05-31 15:32:31] 
[2026-05-31 15:32:31] >>> dim=100×200 | rank=3
ALGORITMO      | ERRO MÉDIO ± IC95%   | TEMPO (s) ± IC95% | ITER EXT | ITER INT | REINÍCIOS
--------------------------------------------------------------------------------------------------------------
[2026-05-31 15:32:39] lin            | 9.505e-04 ± 8.95e-05 | 0.057s ± 0.011 |     93.4 |   4146.6 |       0.0
[2026-05-31 15:32:39] multiplicativo | 1.886e-03 ± 6.34e-04 | 0.229s ± 0.052 |   1978.6 |      0.0 |       0.0
--------------------------------------------------------------------------------------------------------------
[2026-05-31 15:32:39] 
[2026-05-31 15:32:39] >>> dim=100×200 | rank=5
ALGORITMO      | ERRO MÉDIO ± IC95%   | TEMPO (s) ± IC95% | ITER EXT | ITER INT | REINÍCIOS
--------------------------------------------------------------------------------------------------------------
[2026-05-31 15:32:52] lin            | 1.548e-03 ± 6.46e-04 | 0.189s ± 0.056 |    242.7 |   7943.2 |       0.0
[2026-05-31 15:32:52] multiplicativo | 6.518e-03 ± 9.69e-04 | 0.249s ± 0.035 |   2000.0 |      0.0 |       0.0
--------------------------------------------------------------------------------------------------------------
[2026-05-31 15:32:52] 
[2026-05-31 15:32:52] >>> dim=100×200 | rank=10
ALGORITMO      | ERRO MÉDIO ± IC95%   | TEMPO (s) ± IC95% | ITER EXT | ITER INT | REINÍCIOS
--------------------------------------------------------------------------------------------------------------
[2026-05-31 15:33:42] lin            | 4.385e-03 ± 2.60e-04 | 1.000s ± 0.182 |    152.3 |  11105.3 |       0.0
[2026-05-31 15:33:42] multiplicativo | 7.431e-03 ± 4.46e-04 | 0.661s ± 0.145 |   2000.0 |      0.0 |       0.0
--------------------------------------------------------------------------------------------------------------
[2026-05-31 15:33:42] 
[2026-05-31 15:33:42] >>> dim=200×500 | rank=3
ALGORITMO      | ERRO MÉDIO ± IC95%   | TEMPO (s) ± IC95% | ITER EXT | ITER INT | REINÍCIOS
--------------------------------------------------------------------------------------------------------------
[2026-05-31 15:34:26] lin            | 5.563e-04 ± 3.32e-05 | 0.229s ± 0.069 |    162.9 |   3534.4 |       0.0
[2026-05-31 15:34:26] multiplicativo | 2.742e-03 ± 9.52e-04 | 1.233s ± 0.144 |   2000.0 |      0.0 |       0.0
--------------------------------------------------------------------------------------------------------------
[2026-05-31 15:34:26] 
[2026-05-31 15:34:26] >>> dim=200×500 | rank=5
ALGORITMO      | ERRO MÉDIO ± IC95%   | TEMPO (s) ± IC95% | ITER EXT | ITER INT | REINÍCIOS
--------------------------------------------------------------------------------------------------------------
[2026-05-31 15:35:25] lin            | 1.659e-03 ± 5.75e-04 | 0.623s ± 0.130 |    148.2 |   6640.9 |       0.0
[2026-05-31 15:35:25] multiplicativo | 7.674e-03 ± 1.44e-03 | 1.346s ± 0.154 |   2000.0 |      0.0 |       0.0
--------------------------------------------------------------------------------------------------------------
[2026-05-31 15:35:25] 
[2026-05-31 15:35:25] >>> dim=200×500 | rank=10
ALGORITMO      | ERRO MÉDIO ± IC95%   | TEMPO (s) ± IC95% | ITER EXT | ITER INT | REINÍCIOS
--------------------------------------------------------------------------------------------------------------
[2026-05-31 15:38:08] lin            | 2.852e-03 ± 4.62e-04 | 3.330s ± 0.437 |    656.4 |  19697.5 |       0.0
[2026-05-31 15:38:08] multiplicativo | 1.010e-02 ± 2.84e-04 | 2.102s ± 0.209 |   2000.0 |      0.0 |       0.0
--------------------------------------------------------------------------------------------------------------
[2026-05-31 15:38:08] === FINALIZADO ===
